Archive member included to satisfy reference by file (symbol)

cpu/br28/liba/cpu.a(crc16.c.o)
                              objs/cpu/br28/setup.c.o (symbol from plugin) (__crc16_mutex_init)
cpu/br28/liba/cpu.a(uart.c.o)
                              objs/apps/common/audio/wm8978/iic.c.o (symbol from plugin) (delay)
cpu/br28/liba/cpu.a(clock.c.o)
                              objs/cpu/br28/audio_link.c.o (symbol from plugin) (clock_get_pll_target_frequency)
cpu/br28/liba/cpu.a(gpio.c.o)
                              objs/apps/common/device/usb/usb_config.c.o (symbol from plugin) (usb_iomode)
cpu/br28/liba/cpu.a(timer.c.o)
                              objs/apps/earphone/app_main.c.o (symbol from plugin) (timer_get_ms)
cpu/br28/liba/cpu.a(usb.c.o)  objs/apps/common/device/usb/host/usb_ctrl_transfer.c.o (symbol from plugin) (usb_get_jiffies)
cpu/br28/liba/cpu.a(wdt.c.o)  objs/cpu/br28/setup.c.o (symbol from plugin) (wdt_close)
cpu/br28/liba/cpu.a(efuse.c.o)
                              objs/cpu/br28/charge.c.o (symbol from plugin) (get_vbat_trim)
cpu/br28/liba/cpu.a(encryption.c.o)
                              objs/apps/common/config/new_cfg_tool.c.o (symbol from plugin) (doe)
cpu/br28/liba/cpu.a(debug.c.o)
                              objs/cpu/br28/setup.c.o (symbol from plugin) (debug_init)
cpu/br28/liba/cpu.a(dma_copy.c.o)
                              debug.c.o (symbol from plugin) (dma_memcpy_wait_idle)
cpu/br28/liba/cpu.a(vm.c.o)   clock.c.o (symbol from plugin) (sfc_suspend)
cpu/br28/liba/cpu.a(vm_api.c.o)
                              objs/apps/common/music/breakpoint.c.o (symbol from plugin) (vm_api_write_mult)
cpu/br28/liba/cpu.a(power_driver.c.o)
                              clock.c.o (symbol from plugin) (deepsleep_post_system_and_core)
cpu/br28/liba/cpu.a(power_trim.c.o)
                              objs/cpu/br28/power/power_trim.c.o (symbol from plugin) (get_wvdd_trim_level)
cpu/br28/liba/cpu.a(lp_ipc.c.o)
                              wdt.c.o (symbol from plugin) (msys_to_p11_sync_cmd)
cpu/br28/liba/cpu.a(power_reset.c.o)
                              objs/cpu/br28/setup.c.o (symbol from plugin) (reset_source_dump)
cpu/br28/liba/cpu.a(power_compat.c.o)
                              objs/apps/earphone/app_main.c.o (symbol from plugin) (cpu_reset_by_soft)
cpu/br28/liba/cpu.a(power_wakeup.c.o)
                              objs/apps/earphone/board/br28/board_jl701n_demo.c.o (symbol from plugin) (power_wakeup_init)
cpu/br28/liba/cpu.a(rtc.c.o)  power_driver.c.o (symbol from plugin) (poweroff_save_rtc_time)
cpu/br28/liba/cpu.a(p33.c.o)  power_wakeup.c.o (symbol from plugin) (P33_DUMP_WKUP)
cpu/br28/liba/cpu.a(reset.c.o)
                              power_reset.c.o (symbol from plugin) (hw_p33_reset_source_dump)
cpu/br28/liba/cpu.a(p33_io.c.o)
                              power_wakeup.c.o (symbol from plugin) (hw_power_set_wakeup_io)
cpu/br28/liba/cpu.a(port.c.o)
                              objs/cpu/br28/power/power_port.c.o (symbol from plugin) (port_protect)
cpu/br28/liba/cpu.a(lrc.c.o)  objs/cpu/br28/pwm_led.c.o (symbol from plugin) (__get_lrc_hz)
cpu/br28/liba/cpu.a(poff_bk.c.o)
                              power_driver.c.o (symbol from plugin) (rom_gpio_enter_deep_sleep)
cpu/br28/liba/cpu.a(cap_rch.c.o)
                              objs/cpu/br28/power/power_trim.c.o (symbol from plugin) (cap_rch_enable)
cpu/br28/liba/cpu.a(lptmr.c.o)
                              power_driver.c.o (symbol from plugin) (__lp_timer_dump)
cpu/br28/liba/cpu.a(power_analog.c.o)
                              power_driver.c.o (symbol from plugin) (__hw_power_init)
cpu/br28/liba/cpu.a(power_clock.c.o)
                              power_analog.c.o (symbol from plugin) (is_lowpower_anc_active)
cpu/br28/liba/cpu.a(power_sfc.c.o)
                              power_driver.c.o (symbol from plugin) (hw_flash_pwr_en)
cpu/br28/liba/cpu.a(otg.c.o)  objs/apps/common/device/usb/usb_config.c.o (symbol from plugin) (usb_otg_suspend)
cpu/br28/liba/cpu.a(usb_phy.c.o)
                              objs/apps/common/device/usb/host/usb_host.c.o (symbol from plugin) (usb_mdelay)
cpu/br28/liba/cpu.a(usb_setup.c.o)
                              objs/apps/common/device/usb/usb_config.c.o (symbol from plugin) (usb_device2id)
cpu/br28/liba/cpu.a(descriptor.c.o)
                              usb_setup.c.o (symbol from plugin) (get_device_descriptor)
cpu/br28/liba/cpu.a(startup.S.o)
                              vm.c.o (symbol from plugin) (__cpu_irq_disabled)
cpu/br28/liba/cpu.a(sfc_spi.c.o)
                              vm.c.o (symbol from plugin) (sfc1_flash_addr2cpu_addr)
cpu/br28/liba/cpu.a(cache.c.o)
                              power_driver.c.o (symbol from plugin) (DcuEnable)
cpu/br28/liba/cpu.a(power_debug.c.o)
                              port.c.o (symbol from plugin) (pmu_puts)
cpu/br28/liba/system.a(os_api.c.o)
                              objs/apps/common/audio/demo/audio_demo.c.o (symbol from plugin) (os_task_create)
[...]
Memory Configuration

Name             Origin             Length             Attributes
code0            0x06000100         0x00100000         xr
ram0             0x00160000         0x0003fb80         xrw
psr_ram          0x02000000         0x00800000         xrw
*default*        0x00000000         0xffffffff

Linker script and memory map

LOAD objs/apps/common/audio/amplitude_statistic.c.o
LOAD cpu/br28/tools/sdk.elf.o
LOAD objs/apps/common/audio/audio_dvol.c.o
LOAD objs/apps/common/audio/audio_export_demo.c.o
LOAD objs/apps/common/audio/audio_noise_gate.c.o
LOAD objs/apps/common/audio/audio_ns.c.o
LOAD objs/apps/common/audio/audio_plc.c.o
LOAD objs/apps/common/audio/audio_utils.c.o
LOAD objs/apps/common/audio/decode/audio_key_tone.c.o
LOAD objs/apps/common/audio/decode/decode.c.o
LOAD objs/apps/common/audio/demo/audio_demo.c.o
LOAD objs/apps/common/audio/online_debug/aud_data_export.c.o
LOAD objs/apps/common/audio/online_debug/aud_mic_dut.c.o
LOAD objs/apps/common/audio/online_debug/aud_spatial_effect_dut.c.o
LOAD objs/apps/common/audio/online_debug/audio_online_debug.c.o
LOAD objs/apps/common/audio/sine_make.c.o
LOAD objs/apps/common/audio/uartPcmSender.c.o
LOAD objs/apps/common/audio/wm8978/iic.c.o
LOAD objs/apps/common/audio/wm8978/wm8978.c.o
LOAD objs/apps/common/bt_common/bt_test_api.c.o
LOAD objs/apps/common/cJSON/cJSON.c.o
LOAD objs/apps/common/config/app_config.c.o
LOAD objs/apps/common/config/bt_profile_config.c.o
LOAD objs/apps/common/config/ci_transport_uart.c.o
LOAD objs/apps/common/config/new_cfg_tool.c.o
LOAD objs/apps/common/debug/debug.c.o
LOAD objs/apps/common/debug/debug_lite.c.o
LOAD objs/apps/common/dev_manager/dev_manager.c.o
LOAD objs/apps/common/dev_manager/dev_reg.c.o
LOAD objs/apps/common/dev_manager/dev_update.c.o
LOAD objs/apps/common/device/gSensor/SC7A20.c.o
LOAD objs/apps/common/device/gSensor/STK8321.c.o
LOAD objs/apps/common/device/gSensor/da230.c.o
LOAD objs/apps/common/device/gSensor/gSensor_manage.c.o
LOAD objs/apps/common/device/gSensor/mpu6050.c.o
LOAD objs/apps/common/device/gx8002_npu/gx8002_enc/gx8002_enc.c.o
LOAD objs/apps/common/device/gx8002_npu/gx8002_npu.c.o
LOAD objs/apps/common/device/gx8002_npu/gx8002_npu_event_deal.c.o
LOAD objs/apps/common/device/gx8002_npu/gx8002_upgrade/app_upgrade/gx_uart_upgrade_app.c.o
LOAD objs/apps/common/device/gx8002_npu/gx8002_upgrade/app_upgrade/gx_uart_upgrade_tws.c.o
LOAD objs/apps/common/device/gx8002_npu/gx8002_upgrade/gx_uart_upgrade.c.o
LOAD objs/apps/common/device/gx8002_npu/gx8002_upgrade/gx_uart_upgrade_porting.c.o
LOAD objs/apps/common/device/gx8002_npu/gx8002_upgrade/sdfile_upgrade/gx_uart_upgrade_sdfile.c.o
LOAD objs/apps/common/device/gx8002_npu/gx8002_upgrade/spp_upgrade/gx_fifo.c.o
LOAD objs/apps/common/device/gx8002_npu/gx8002_upgrade/spp_upgrade/gx_uart_upgrade_spp.c.o
LOAD objs/apps/common/device/imu_sensor/icm_42670p/icm_42670p.c.o
LOAD objs/apps/common/device/imu_sensor/icm_42670p/inv_imu_apex.c.o
LOAD objs/apps/common/device/imu_sensor/icm_42670p/inv_imu_driver.c.o
LOAD objs/apps/common/device/imu_sensor/icm_42670p/inv_imu_transport.c.o
LOAD objs/apps/common/device/imu_sensor/imuSensor_manage.c.o
LOAD objs/apps/common/device/imu_sensor/lsm6dsl/lsm6dsl.c.o
LOAD objs/apps/common/device/imu_sensor/mpu6887/mpu6887p.c.o
LOAD objs/apps/common/device/imu_sensor/mpu9250/mpu9250.c.o
LOAD objs/apps/common/device/imu_sensor/qmi8658/qmi8658c.c.o
LOAD objs/apps/common/device/imu_sensor/sh3001/sh3001.c.o
LOAD objs/apps/common/device/in_ear_detect/in_ear_detect.c.o
LOAD objs/apps/common/device/in_ear_detect/in_ear_manage.c.o
LOAD objs/apps/common/device/ir_sensor/ir_manage.c.o
LOAD objs/apps/common/device/ir_sensor/jsa1221.c.o
LOAD objs/apps/common/device/key/adkey.c.o
LOAD objs/apps/common/device/key/adkey_rtcvdd.c.o
LOAD objs/apps/common/device/key/ctmu_touch_key.c.o
LOAD objs/apps/common/device/key/iokey.c.o
LOAD objs/apps/common/device/key/irkey.c.o
LOAD objs/apps/common/device/key/key_driver.c.o
LOAD objs/apps/common/device/key/touch_key.c.o
LOAD objs/apps/common/device/key/uart_key.c.o
LOAD objs/apps/common/device/norflash/norflash_sfc.c.o
LOAD objs/apps/common/device/ntc/ntc_det.c.o
LOAD objs/apps/common/device/usb/device/cdc.c.o
LOAD objs/apps/common/device/usb/device/descriptor.c.o
LOAD objs/apps/common/device/usb/device/hid.c.o
LOAD objs/apps/common/device/usb/device/msd.c.o
LOAD objs/apps/common/device/usb/device/msd_upgrade.c.o
LOAD objs/apps/common/device/usb/device/task_pc.c.o
LOAD objs/apps/common/device/usb/device/uac1.c.o
LOAD objs/apps/common/device/usb/device/uac_stream.c.o
LOAD objs/apps/common/device/usb/device/usb_device.c.o
LOAD objs/apps/common/device/usb/device/user_setup.c.o
LOAD objs/apps/common/device/usb/host/adb.c.o
LOAD objs/apps/common/device/usb/host/aoa.c.o
LOAD objs/apps/common/device/usb/host/audio.c.o
LOAD objs/apps/common/device/usb/host/audio_demo.c.o
LOAD objs/apps/common/device/usb/host/hid.c.o
LOAD objs/apps/common/device/usb/host/usb_bulk_transfer.c.o
LOAD objs/apps/common/device/usb/host/usb_ctrl_transfer.c.o
LOAD objs/apps/common/device/usb/host/usb_host.c.o
LOAD objs/apps/common/device/usb/host/usb_storage.c.o
LOAD objs/apps/common/device/usb/usb_config.c.o
LOAD objs/apps/common/device/usb/usb_host_config.c.o
LOAD objs/apps/common/ezxml/ezxml.c.o
LOAD objs/apps/common/ezxml/ezxml_example.c.o
LOAD objs/apps/common/fat_nor/cfg_private.c.o
LOAD objs/apps/common/fat_nor/virfat_flash.c.o
LOAD objs/apps/common/file_operate/file_bs_deal.c.o
LOAD objs/apps/common/file_operate/file_manager.c.o
LOAD objs/apps/common/icsd/adt/icsd_adt.c.o
LOAD objs/apps/common/icsd/adt/icsd_adt_app.c.o
LOAD objs/apps/common/icsd/anc/icsd_anc_app.c.o
LOAD objs/apps/common/icsd/anc/icsd_anc_board.c.o
LOAD objs/apps/common/icsd/anc/icsd_anc_data.c.o
LOAD objs/apps/common/jl_kws/jl_kws_algo.c.o
LOAD objs/apps/common/jl_kws/jl_kws_audio.c.o
LOAD objs/apps/common/jl_kws/jl_kws_event.c.o
LOAD objs/apps/common/jl_kws/jl_kws_main.c.o
LOAD objs/apps/common/music/breakpoint.c.o
LOAD objs/apps/common/music/music_decrypt.c.o
LOAD objs/apps/common/music/music_id3.c.o
LOAD objs/apps/common/music/music_player.c.o
LOAD objs/apps/common/temp_trim/dtemp_pll_trim.c.o
LOAD objs/apps/common/test/fs_test.c.o
LOAD objs/apps/common/test/os_test.c.o
LOAD objs/apps/common/third_party_profile/Tecent_LL/tecent_ll_demo/ll_demo.c.o
LOAD objs/apps/common/third_party_profile/Tecent_LL/tecent_ll_demo/ll_task.c.o
LOAD objs/apps/common/third_party_profile/Tecent_LL/tecent_protocol/ble_qiot_import.c.o
LOAD objs/apps/common/third_party_profile/Tecent_LL/tecent_protocol/ble_qiot_llsync_data.c.o
LOAD objs/apps/common/third_party_profile/Tecent_LL/tecent_protocol/ble_qiot_llsync_device.c.o
LOAD objs/apps/common/third_party_profile/Tecent_LL/tecent_protocol/ble_qiot_llsync_event.c.o
LOAD objs/apps/common/third_party_profile/Tecent_LL/tecent_protocol/ble_qiot_llsync_ota.c.o
LOAD objs/apps/common/third_party_profile/Tecent_LL/tecent_protocol/ble_qiot_service.c.o
LOAD objs/apps/common/third_party_profile/Tecent_LL/tecent_protocol/ble_qiot_template.c.o
LOAD objs/apps/common/third_party_profile/Tecent_LL/tecent_protocol/ble_qiot_utils_base64.c.o
LOAD objs/apps/common/third_party_profile/Tecent_LL/tecent_protocol/ble_qiot_utils_crc.c.o
LOAD objs/apps/common/third_party_profile/Tecent_LL/tecent_protocol/ble_qiot_utils_hmac.c.o
LOAD objs/apps/common/third_party_profile/Tecent_LL/tecent_protocol/ble_qiot_utils_log.c.o
LOAD objs/apps/common/third_party_profile/Tecent_LL/tecent_protocol/ble_qiot_utils_md5.c.o
LOAD objs/apps/common/third_party_profile/Tecent_LL/tecent_protocol/ble_qiot_utils_sha1.c.o
LOAD objs/apps/common/third_party_profile/common/3th_profile_api.c.o
LOAD objs/apps/common/third_party_profile/common/custom_cfg.c.o
LOAD objs/apps/common/third_party_profile/common/mic_rec.c.o
LOAD objs/apps/common/third_party_profile/interface/app_protocol_api.c.o
LOAD objs/apps/common/third_party_profile/interface/app_protocol_common.c.o
LOAD objs/apps/common/third_party_profile/interface/app_protocol_dma.c.o
LOAD objs/apps/common/third_party_profile/interface/app_protocol_gfps.c.o
LOAD objs/apps/common/third_party_profile/interface/app_protocol_gma.c.o
LOAD objs/apps/common/third_party_profile/interface/app_protocol_mma.c.o
LOAD objs/apps/common/third_party_profile/interface/app_protocol_ota.c.o
LOAD objs/apps/common/third_party_profile/interface/app_protocol_tme.c.o
LOAD objs/apps/common/third_party_profile/jieli/JL_rcsp/adv_app_setting/adv_adaptive_noise_reduction.c.o
LOAD objs/apps/common/third_party_profile/jieli/JL_rcsp/adv_app_setting/adv_anc_voice.c.o
LOAD objs/apps/common/third_party_profile/jieli/JL_rcsp/adv_app_setting/adv_anc_voice_key.c.o
LOAD objs/apps/common/third_party_profile/jieli/JL_rcsp/adv_app_setting/adv_bt_name_setting.c.o
LOAD objs/apps/common/third_party_profile/jieli/JL_rcsp/adv_app_setting/adv_eq_setting.c.o
LOAD objs/apps/common/third_party_profile/jieli/JL_rcsp/adv_app_setting/adv_hearing_aid_setting.c.o
LOAD objs/apps/common/third_party_profile/jieli/JL_rcsp/adv_app_setting/adv_high_low_vol_setting.c.o
LOAD objs/apps/common/third_party_profile/jieli/JL_rcsp/adv_app_setting/adv_key_setting.c.o
LOAD objs/apps/common/third_party_profile/jieli/JL_rcsp/adv_app_setting/adv_led_setting.c.o
LOAD objs/apps/common/third_party_profile/jieli/JL_rcsp/adv_app_setting/adv_mic_setting.c.o
LOAD objs/apps/common/third_party_profile/jieli/JL_rcsp/adv_app_setting/adv_music_info_setting.c.o
LOAD objs/apps/common/third_party_profile/jieli/JL_rcsp/adv_app_setting/adv_time_stamp_setting.c.o
LOAD objs/apps/common/third_party_profile/jieli/JL_rcsp/adv_app_setting/adv_work_setting.c.o
LOAD objs/apps/common/third_party_profile/jieli/JL_rcsp/adv_rcsp_protocol/rcsp_adv_bluetooth.c.o
LOAD objs/apps/common/third_party_profile/jieli/JL_rcsp/adv_rcsp_protocol/rcsp_adv_customer_user.c.o
LOAD objs/apps/common/third_party_profile/jieli/JL_rcsp/adv_rcsp_protocol/rcsp_adv_opt.c.o
LOAD objs/apps/common/third_party_profile/jieli/JL_rcsp/adv_rcsp_protocol/rcsp_adv_tws_sync.c.o
LOAD objs/apps/common/third_party_profile/jieli/JL_rcsp/bt_trans_data/le_rcsp_adv_module.c.o
LOAD objs/apps/common/third_party_profile/jieli/JL_rcsp/bt_trans_data/rcsp_adv_spp_user.c.o
LOAD objs/apps/common/third_party_profile/jieli/JL_rcsp/rcsp_updata/rcsp_adv_user_update.c.o
LOAD objs/apps/common/third_party_profile/jieli/JL_rcsp/rcsp_updata/rcsp_ch_loader_download.c.o
LOAD objs/apps/common/third_party_profile/jieli/JL_rcsp/rcsp_updata/rcsp_user_update.c.o
LOAD objs/apps/common/third_party_profile/jieli/le_hogp.c.o
LOAD objs/apps/common/third_party_profile/jieli/online_db/online_db_deal.c.o
LOAD objs/apps/common/third_party_profile/jieli/online_db/spp_online_db.c.o
LOAD objs/apps/common/third_party_profile/jieli/trans_data_demo/le_trans_data.c.o
LOAD objs/apps/common/third_party_profile/jieli/trans_data_demo/spp_trans_data.c.o
LOAD objs/apps/common/third_party_profile/jieli/wireless_mic/le_wireless_mic_client.c.o
LOAD objs/apps/common/third_party_profile/jieli/wireless_mic/le_wireless_mic_server.c.o
LOAD objs/apps/common/third_party_profile/tuya_protocol/app/demo/tuya_ble_app_demo.c.o
LOAD objs/apps/common/third_party_profile/tuya_protocol/app/demo/tuya_ota.c.o
LOAD objs/apps/common/third_party_profile/tuya_protocol/app/product_test/tuya_ble_app_production_test.c.o
LOAD objs/apps/common/third_party_profile/tuya_protocol/app/uart_common/tuya_ble_app_uart_common_handler.c.o
LOAD objs/apps/common/third_party_profile/tuya_protocol/extern_components/mbedtls/aes.c.o
LOAD objs/apps/common/third_party_profile/tuya_protocol/extern_components/mbedtls/ccm.c.o
LOAD objs/apps/common/third_party_profile/tuya_protocol/extern_components/mbedtls/hmac.c.o
LOAD objs/apps/common/third_party_profile/tuya_protocol/extern_components/mbedtls/md5.c.o
LOAD objs/apps/common/third_party_profile/tuya_protocol/extern_components/mbedtls/sha1.c.o
LOAD objs/apps/common/third_party_profile/tuya_protocol/extern_components/mbedtls/sha256.c.o
LOAD objs/apps/common/third_party_profile/tuya_protocol/port/tuya_ble_port.c.o
LOAD objs/apps/common/third_party_profile/tuya_protocol/port/tuya_ble_port_JL.c.o
LOAD objs/apps/common/third_party_profile/tuya_protocol/port/tuya_ble_port_peripheral.c.o
LOAD objs/apps/common/third_party_profile/tuya_protocol/sdk/src/tuya_ble_api.c.o
LOAD objs/apps/common/third_party_profile/tuya_protocol/sdk/src/tuya_ble_bulk_data.c.o
LOAD objs/apps/common/third_party_profile/tuya_protocol/sdk/src/tuya_ble_data_handler.c.o
LOAD objs/apps/common/third_party_profile/tuya_protocol/sdk/src/tuya_ble_event.c.o
LOAD objs/apps/common/third_party_profile/tuya_protocol/sdk/src/tuya_ble_event_handler.c.o
LOAD objs/apps/common/third_party_profile/tuya_protocol/sdk/src/tuya_ble_event_handler_weak.c.o
LOAD objs/apps/common/third_party_profile/tuya_protocol/sdk/src/tuya_ble_feature_weather.c.o
LOAD objs/apps/common/third_party_profile/tuya_protocol/sdk/src/tuya_ble_gatt_send_queue.c.o
LOAD objs/apps/common/third_party_profile/tuya_protocol/sdk/src/tuya_ble_heap.c.o
LOAD objs/apps/common/third_party_profile/tuya_protocol/sdk/src/tuya_ble_main.c.o
LOAD objs/apps/common/third_party_profile/tuya_protocol/sdk/src/tuya_ble_mem.c.o
LOAD objs/apps/common/third_party_profile/tuya_protocol/sdk/src/tuya_ble_mutli_tsf_protocol.c.o
LOAD objs/apps/common/third_party_profile/tuya_protocol/sdk/src/tuya_ble_queue.c.o
LOAD objs/apps/common/third_party_profile/tuya_protocol/sdk/src/tuya_ble_storage.c.o
LOAD objs/apps/common/third_party_profile/tuya_protocol/sdk/src/tuya_ble_unix_time.c.o
LOAD objs/apps/common/third_party_profile/tuya_protocol/sdk/src/tuya_ble_utils.c.o
LOAD objs/apps/common/ui/lcd_simple/lcd_simple_api.c.o
LOAD objs/apps/common/ui/lcd_simple/ui.c.o
LOAD objs/apps/common/ui/lcd_simple/ui_mainmenu.c.o
LOAD objs/apps/common/update/testbox_update.c.o
LOAD objs/apps/common/update/update.c.o
LOAD objs/apps/common/update/update_tws.c.o
LOAD objs/apps/common/update/update_tws_new.c.o
LOAD objs/apps/earphone/aec/br28/audio_aec.c.o
LOAD objs/apps/earphone/aec/br28/audio_aec_demo.c.o
LOAD objs/apps/earphone/aec/br28/audio_aec_dms.c.o
LOAD objs/apps/earphone/aec/br28/audio_aec_online.c.o
LOAD objs/apps/earphone/aec/br28/audio_cvp_3mic.c.o
LOAD objs/apps/earphone/aec/br28/audio_cvp_ais_3mic.c.o
LOAD objs/apps/earphone/app_ancbox.c.o
LOAD objs/apps/earphone/app_anctool.c.o
LOAD objs/apps/earphone/app_main.c.o
LOAD objs/apps/earphone/app_protocol_deal.c.o
LOAD objs/apps/earphone/app_task_switch.c.o
LOAD objs/apps/earphone/app_testbox.c.o
LOAD objs/apps/earphone/audio_enc_mpt_cvp_ctr.c.o
LOAD objs/apps/earphone/audio_enc_mpt_self.c.o
LOAD objs/apps/earphone/ble_adv.c.o
LOAD objs/apps/earphone/board/br28/board_jl7016g_hybrid.c.o
LOAD objs/apps/earphone/board/br28/board_jl7018f_demo.c.o
LOAD objs/apps/earphone/board/br28/board_jl701n_anc.c.o
LOAD objs/apps/earphone/board/br28/board_jl701n_btemitter.c.o
LOAD objs/apps/earphone/board/br28/board_jl701n_demo.c.o
LOAD objs/apps/earphone/bt_auto_test.c.o
LOAD objs/apps/earphone/bt_background.c.o
LOAD objs/apps/earphone/bt_ble.c.o
LOAD objs/apps/earphone/bt_ble_hid.c.o
LOAD objs/apps/earphone/bt_emitter.c.o
LOAD objs/apps/earphone/bt_tws.c.o
LOAD objs/apps/earphone/default_event_handler.c.o
LOAD objs/apps/earphone/earphone.c.o
LOAD objs/apps/earphone/eartch_event_deal.c.o
LOAD objs/apps/earphone/font/fontinit.c.o
LOAD objs/apps/earphone/idle.c.o
LOAD objs/apps/earphone/key_event_deal.c.o
LOAD objs/apps/earphone/kws_voice_event_deal.c.o
LOAD objs/apps/earphone/linein/linein.c.o
LOAD objs/apps/earphone/ll_sync_demo/ll_sync_demo.c.o
LOAD objs/apps/earphone/log_config/app_config.c.o
LOAD objs/apps/earphone/log_config/lib_btctrler_config.c.o
LOAD objs/apps/earphone/log_config/lib_btstack_config.c.o
LOAD objs/apps/earphone/log_config/lib_driver_config.c.o
LOAD objs/apps/earphone/log_config/lib_media_config.c.o
LOAD objs/apps/earphone/log_config/lib_system_config.c.o
LOAD objs/apps/earphone/log_config/lib_update_config.c.o
LOAD objs/apps/earphone/music/sd_music.c.o
LOAD objs/apps/earphone/pbg_demo.c.o
LOAD objs/apps/earphone/pc/pc.c.o
LOAD objs/apps/earphone/power_manage/app_charge.c.o
LOAD objs/apps/earphone/power_manage/app_chargestore.c.o
LOAD objs/apps/earphone/power_manage/app_power_manage.c.o
LOAD objs/apps/earphone/power_manage/app_umidigi_chargestore.c.o
LOAD objs/apps/earphone/rcsp/jl_phone_app.c.o
LOAD objs/apps/earphone/rcsp/rcsp_adv.c.o
LOAD objs/apps/earphone/tone_table.c.o
LOAD objs/apps/earphone/trans_data_demo/trans_data_demo.c.o
LOAD objs/apps/earphone/tuya/tuya_app.c.o
LOAD objs/apps/earphone/tuya/tuya_demo.c.o
LOAD objs/apps/earphone/ui/lcd_simple/my_demo.c.o
LOAD objs/apps/earphone/ui_manage.c.o
LOAD objs/apps/earphone/user_cfg.c.o
LOAD objs/apps/earphone/version.c.o
LOAD objs/apps/earphone/vol_sync.c.o
LOAD objs/apps/earphone/wireless_mic/app_main_wireless_mic.c.o
LOAD objs/apps/earphone/wireless_mic/audio/adapter_adc.c.o
LOAD objs/apps/earphone/wireless_mic/audio/adapter_media.c.o
LOAD objs/apps/earphone/wireless_mic/audio/wireless/adapter_wireless_dec.c.o
LOAD objs/apps/earphone/wireless_mic/audio/wireless/adapter_wireless_enc.c.o
LOAD objs/apps/earphone/wireless_mic/bt/bt_edr_fun.c.o
LOAD objs/apps/earphone/wireless_mic/bt/bt_status_event.c.o
LOAD objs/apps/earphone/wireless_mic/idev/adapter_idev.c.o
LOAD objs/apps/earphone/wireless_mic/idev/idev_bt/adapter_idev_bt.c.o
LOAD objs/apps/earphone/wireless_mic/idev/idev_bt/idev_ble/adapter_idev_ble.c.o
LOAD objs/apps/earphone/wireless_mic/idev/idev_mic/adapter_idev_mic.c.o
LOAD objs/apps/earphone/wireless_mic/odev/adapter_odev.c.o
LOAD objs/apps/earphone/wireless_mic/odev/odev_bt/adapter_odev_bt.c.o
LOAD objs/apps/earphone/wireless_mic/odev/odev_bt/odev_ble/adapter_odev_ble.c.o
LOAD objs/apps/earphone/wireless_mic/odev/odev_bt/odev_ble/odev_ble_wireless.c.o
LOAD objs/apps/earphone/wireless_mic/odev/odev_bt/odev_edr/adapter_odev_edr.c.o
LOAD objs/apps/earphone/wireless_mic/odev/odev_dac/adapter_odev_dac.c.o
LOAD objs/apps/earphone/wireless_mic/process/adapter_process.c.o
LOAD objs/cpu/br28/adc_api.c.o
LOAD objs/cpu/br28/aec_tool.c.o
LOAD objs/cpu/br28/app_audio.c.o
LOAD objs/cpu/br28/audio_anc.c.o
LOAD objs/cpu/br28/audio_anc_fade_ctr.c.o
LOAD objs/cpu/br28/audio_anc_mult_scene.c.o
LOAD objs/cpu/br28/audio_capture.c.o
LOAD objs/cpu/br28/audio_codec_clock.c.o
LOAD objs/cpu/br28/audio_common/audio_mic_codec.c.o
LOAD objs/cpu/br28/audio_cvp_dut.c.o
LOAD objs/cpu/br28/audio_cvp_sync.c.o
LOAD objs/cpu/br28/audio_dec.c.o
LOAD objs/cpu/br28/audio_dec/audio_dec_file.c.o
LOAD objs/cpu/br28/audio_dec/audio_dec_iis.c.o
LOAD objs/cpu/br28/audio_dec/audio_dec_pc.c.o
LOAD objs/cpu/br28/audio_dec/audio_dec_pcm.c.o
LOAD objs/cpu/br28/audio_dec/audio_usb_mic.c.o
LOAD objs/cpu/br28/audio_dec_eff.c.o
LOAD objs/cpu/br28/audio_demo/audio_adc_demo.c.o
LOAD objs/cpu/br28/audio_demo/audio_dac_demo.c.o
LOAD objs/cpu/br28/audio_demo/audio_fft_demo.c.o
LOAD objs/cpu/br28/audio_demo/audio_matrix_demo.c.o
LOAD objs/cpu/br28/audio_demo/audio_wind_detect_demo.c.o
LOAD objs/cpu/br28/audio_effect_develop.c.o
LOAD objs/cpu/br28/audio_enc.c.o
LOAD objs/cpu/br28/audio_general.c.o
LOAD objs/cpu/br28/audio_hearing/audio_hearing_aid.c.o
LOAD objs/cpu/br28/audio_hearing/audio_hearing_aid_lp.c.o
LOAD objs/cpu/br28/audio_hearing/audio_sidetone.c.o
LOAD objs/cpu/br28/audio_link.c.o
LOAD objs/cpu/br28/audio_sync.c.o
LOAD objs/cpu/br28/charge.c.o
LOAD objs/cpu/br28/chargestore.c.o
LOAD objs/cpu/br28/clock_manager.c.o
LOAD objs/cpu/br28/eq_config.c.o
LOAD objs/cpu/br28/hw_fft.c.o
LOAD objs/cpu/br28/icsd_anc_user.c.o
LOAD objs/cpu/br28/iic_hw.c.o
LOAD objs/cpu/br28/iic_soft.c.o
LOAD objs/cpu/br28/irflt.c.o
LOAD objs/cpu/br28/lp_touch_key.c.o
LOAD objs/cpu/br28/lp_touch_key_alog.c.o
LOAD objs/cpu/br28/lp_touch_key_tool.c.o
LOAD objs/cpu/br28/lua_port_api.c.o
LOAD objs/cpu/br28/mcpwm.c.o
LOAD objs/cpu/br28/mic_dut_process.c.o
LOAD objs/cpu/br28/overlay_code.c.o
LOAD objs/cpu/br28/pdm_link.c.o
LOAD objs/cpu/br28/plcnt.c.o
LOAD objs/cpu/br28/power/power_app.c.o
LOAD objs/cpu/br28/power/power_check.c.o
LOAD objs/cpu/br28/power/power_port.c.o
LOAD objs/cpu/br28/power/power_trim.c.o
LOAD objs/cpu/br28/private_iis.c.o
LOAD objs/cpu/br28/pwm_led.c.o
LOAD objs/cpu/br28/rdec.c.o
LOAD objs/cpu/br28/setup.c.o
LOAD objs/cpu/br28/smart_voice/aispeech_asr.c.o
LOAD objs/cpu/br28/smart_voice/jl_kws_platform.c.o
LOAD objs/cpu/br28/smart_voice/kws_event.c.o
LOAD objs/cpu/br28/smart_voice/nn_vad.c.o
LOAD objs/cpu/br28/smart_voice/smart_voice_config.c.o
LOAD objs/cpu/br28/smart_voice/smart_voice_core.c.o
LOAD objs/cpu/br28/smart_voice/user_asr.c.o
LOAD objs/cpu/br28/smart_voice/vad_clock_trim.c.o
LOAD objs/cpu/br28/smart_voice/vad_mic.c.o
LOAD objs/cpu/br28/smart_voice/voice_mic_data.c.o
LOAD objs/cpu/br28/sound_device.c.o
LOAD objs/cpu/br28/spatial_effect/spatial_effect.c.o
LOAD objs/cpu/br28/spatial_effect/spatial_effect_imu.c.o
LOAD objs/cpu/br28/spatial_effect/spatial_effect_test.c.o
LOAD objs/cpu/br28/spatial_effect/spatial_effect_tws.c.o
LOAD objs/cpu/br28/spatial_effect/spatial_imu_trim.c.o
LOAD objs/cpu/br28/spi.c.o
LOAD objs/cpu/br28/tone_player.c.o
LOAD objs/cpu/br28/tws_audio.c.o
LOAD objs/cpu/br28/uart_dev.c.o
LOAD objs/cpu/br28/umidigi_chargestore.c.o
LOAD objs/apps/earphone/sdk_version.z.S.o
START GROUP
LOAD cpu/br28/liba/cpu.a
LOAD cpu/br28/liba/system.a
LOAD cpu/br28/liba/btstack.a
LOAD cpu/br28/liba/rcsp_stack.a
LOAD cpu/br28/liba/tme_stack.a
LOAD cpu/br28/liba/google_fps.a
LOAD cpu/br28/liba/btctrler.a
LOAD cpu/br28/liba/aec.a
LOAD cpu/br28/liba/lib_icsd_anc.a
LOAD cpu/br28/liba/media.a
LOAD cpu/br28/liba/libepmotion.a
LOAD cpu/br28/liba/libAptFilt_pi32v2_OnChip.a
LOAD cpu/br28/liba/libEchoSuppress_pi32v2_OnChip.a
LOAD cpu/br28/liba/libNoiseSuppress_pi32v2_OnChip.a
LOAD cpu/br28/liba/libSplittingFilter_pi32v2_OnChip.a
LOAD cpu/br28/liba/libDelayEstimate_pi32v2_OnChip.a
LOAD cpu/br28/liba/libDualMicSystem_pi32v2_OnChip.a
LOAD cpu/br28/liba/libDualMicSystem_flexible_pi32v2_OnChip.a
LOAD cpu/br28/liba/libAdaptiveEchoSuppress_pi32v2_OnChip.a
LOAD cpu/br28/liba/libOpcore_maskrom_pi32v2_OnChip.a
LOAD cpu/br28/liba/lib_esco_repair.a
LOAD cpu/br28/liba/noisegate.a
LOAD cpu/br28/liba/sbc_eng_lib.a
LOAD cpu/br28/liba/mp3_dec_lib.a
LOAD cpu/br28/liba/mp3_decstream_lib.a
LOAD cpu/br28/liba/mp3tsy_dec_lib.a
LOAD cpu/br28/liba/wav_dec_lib.a
LOAD cpu/br28/liba/flac_dec_lib.a
LOAD cpu/br28/liba/m4a_dec_lib.a
LOAD cpu/br28/liba/ape_dec_lib.a
LOAD cpu/br28/liba/wma_dec_lib.a
LOAD cpu/br28/liba/amr_dec_lib.a
LOAD cpu/br28/liba/dts_dec_lib.a
LOAD cpu/br28/liba/agreement.a
LOAD cpu/br28/liba/media_app.a
LOAD cpu/br28/liba/lc3_codec_lib.a
LOAD cpu/br28/liba/opus_dec_lib.a
LOAD cpu/br28/liba/speex_enc_lib.a
LOAD cpu/br28/liba/ldac_dec_lib.a
LOAD cpu/br28/liba/opus_enc_lib.a
LOAD cpu/br28/liba/bt_hash_enc.a
LOAD cpu/br28/liba/libjlsp.a
LOAD cpu/br28/liba/libjlsp_kws.a
LOAD cpu/br28/liba/lfaudio_plc_lib.a
LOAD cpu/br28/liba/drc.a
LOAD cpu/br28/liba/crossover_coff_old.a
LOAD cpu/br28/liba/lib_point360_td.a
LOAD cpu/br28/liba/lib_resample_cal.a
LOAD cpu/br28/liba/lib_resample_fast_cal.a
LOAD cpu/br28/liba/SpatialAudio.a
LOAD cpu/br28/liba/SensorCalib.a
LOAD cpu/br28/liba/lib_pitchshifter.a
LOAD cpu/br28/liba/VirtualBass.a
LOAD cpu/br28/liba/lib_sur_cal.a
LOAD cpu/br28/liba/limiter_noiseGate.a
LOAD cpu/br28/liba/howling.a
LOAD cpu/br28/liba/lib_howlings_phf.a
LOAD cpu/br28/liba/libllns.a
LOAD cpu/br28/liba/libkwscommon.a
LOAD apps/common/third_party_profile/tuya_protocol/sdk/lib/libtuya_lib.a
LOAD cpu/br28/liba/lib_icsd_adt.a
LOAD cpu/br28/liba/lib_diafx.a
LOAD cpu/br28/liba/libFFT_pi32v2_OnChip.a
LOAD cpu/br28/liba/wtg_dec_lib.a
LOAD cpu/br28/liba/bfilterfun_lib.a
LOAD cpu/br28/liba/aac_dec_lib.a
LOAD cpu/br28/liba/crypto_toolbox_Osize.a
LOAD cpu/br28/liba/lib_dns.a
LOAD cpu/br28/liba/update.a
LOAD cpu/br28/liba/compressor.a
LOAD cpu/br28/liba/limiter.a
END GROUP
                0x0001fd6c                lp_signature_set = 0x1fd6c
                0x0001fd70                memmem = 0x1fd70
                0x0001fd74                memcpy = 0x1fd74
                0x0001fd78                memmove = 0x1fd78
                0x0001fd7c                memcmp = 0x1fd7c
                0x0001fd80                memset = 0x1fd80
                0x0001fd84                strcmp = 0x1fd84
                0x0001fd88                strcpy = 0x1fd88
                0x0001fd8c                strlen = 0x1fd8c
                0x0001fd90                strncmp = 0x1fd90
                0x0001fd94                strstr = 0x1fd94
                0x0001fd98                strchr = 0x1fd98
                0x0001fd9c                __divdi3 = 0x1fd9c
                0x0001fda0                __udivmoddi4 = 0x1fda0
                0x0001fda4                __adddf3 = 0x1fda4
                0x0001fda8                __fixdfsi = 0x1fda8
                0x0001fdac                flush_dcache = 0x1fdac
                0x0001fdb0                flushinv_dcache = 0x1fdb0
                0x0001fdb4                IcuWaitIdle = 0x1fdb4
                0x0001fdb8                DcuWaitIdle = 0x1fdb8
                0x0001fdbc                IcuInitial = 0x1fdbc
                0x0001fdc0                DcuInitial = 0x1fdc0
                0x0001fdcc                sfc_drop_cache = 0x1fdcc
                0x0001fdd0                chip_crc16 = 0x1fdd0
                0x0001fdd4                CrcDecode = 0x1fdd4
                0x0001fdd8                get_flash_file_key = 0x1fdd8
                0x0001fddc                dec_isd_cfg_ini = 0x1fddc
                0x0001fde0                _jlfs_mount = 0x1fde0
                0x0001fde4                sfc_boot = 0x1fde4
                0x0001fde8                mask_init = 0x1fde8
                0x0001fdf0                nvram_set_boot_state = 0x1fdf0
                0x0001fdf4                chip_reset = 0x1fdf4
                0x0001fdf8                the_debug_isr = 0x1fdf8
                0x0001fdfc                print = 0x1fdfc
                0x0001fe00                sprintf = 0x1fe00
                0x0001fe04                printf = 0x1fe04
                0x0001fe08                puts = 0x1fe08
                0x0001fe0c                doe = 0x1fe0c
                0x0001fe10                spi_get_port = 0x1fe10
                0x0001fe14                _pll_init = 0x1fe14
                0x0001fe18                flash_poweron = 0x1fe18
                0x0001fe1c                spi_unmount = 0x1fe1c
                0x0001fe20                spi_port_io_init = 0x1fe20
                0x0001fe24                usb_slave_mode = 0x1fe24
                0x0001fe28                LZ4_setStreamDecode = 0x1fe28
                0x0001fe2c                LZ4_decompress_safe_continue = 0x1fe2c
                0x0001fe30                LZ4_decompress_generic = 0x1fe30
                0x0001fe34                _sdk_mkey_lock = 0x1fe34
                0x0001fe38                g_hash_function = 0x1fe38
                0x0001fe3c                f1_hash_function = 0x1fe3c
                0x0001fe40                f2_hash_function = 0x1fe40
                0x0001fe44                f3_hash_function = 0x1fe44
                0x0001fe48                h2_hash_function = 0x1fe48
                0x0001fe4c                h3_hash_function = 0x1fe4c
                0x0001fe50                h4_hash_function = 0x1fe50
                0x0001fe54                h5_hash_function = 0x1fe54
                0x0001fe58                g_function = 0x1fe58
                0x0001fe5c                f1_function = 0x1fe5c
                0x0001fe60                f2_function = 0x1fe60
                0x0001fe64                f3_function = 0x1fe64
                0x0001fe68                sha256Compute = 0x1fe68
                0x0001fe6c                uECC_compute_public_key = 0x1fe6c
                0x0001fe70                uECC_shared_secret = 0x1fe70
                0x0001fe74                bi_initialize = 0x1fe74
                0x0001fe78                bi_read_from_byte = 0x1fe78
                0x0001fe7c                bi_poly_mod2 = 0x1fe7c
                0x0001fe80                bi_poly_mul = 0x1fe80
                0x0001fe84                trim = 0x1fe84
                0x0001fe88                bi_wirte_to_byte = 0x1fe88
                0x0001fe8c                bi_free = 0x1fe8c
                0x0001fe90                bi_terminate = 0x1fe90
                0x0001fe94                get_cvsd_codec_ops = 0x1fe94
                0x00018590                wtgv2_silk_NLSF_CB_NB_MB = 0x18590
                0x0001848c                wtgv2_LSFCosTab_FIX_Q12 = 0x1848c
                0x00018a88                icdf_global_table = 0x18a88
                0x0001fe98                get_wtgv2dec_ops = 0x1fe98
                0x0001fe9c                wtgv2_silk_Decode = 0x1fe9c
                0x0001fea0                wtgv2_silk_decode_frame = 0x1fea0
                0x0001fea4                wtgv2_silk_decoder_set_fs = 0x1fea4
                0x0001fea8                wtgv2_silk_decode_indices = 0x1fea8
                0x0001feac                wtgv2_silk_decode_pulses = 0x1feac
                0x0001feb0                wtgv2_silk_decode_parameters = 0x1feb0
                0x0001feb4                wtgv2_silk_decode_core = 0x1feb4
                0x0001feb8                logAprx_CORDIC_float = 0x1feb8
                0x0001febc                expAprx_CORDIC_float = 0x1febc
                0x0001fec0                magnAprx_float = 0x1fec0
                0x0001fec4                MatrixCopy_float_c_c = 0x1fec4
                0x0001fec8                MatrixCopy_float_f_f = 0x1fec8
                0x0001fecc                MatrixEwMulAndSumOneDim_float_c_c_c_s0 = 0x1fecc
                0x0001fed0                MatrixEwMulAndSumOneDim_float_c_c_c_s1 = 0x1fed0
                0x0001fed4                MatrixEwMulAndSumOneDim_float_f_f_f_s0 = 0x1fed4
                0x0001fed8                MatrixEwMulAndSumOneDim_float_f_f_f_s1 = 0x1fed8
                0x0001fedc                MatrixEwConjMulAndSumOneDim_float_c_c_c_s0 = 0x1fedc
                0x0001fee0                MatrixEwConjMulAndSumOneDim_float_c_c_c_s1 = 0x1fee0
                0x0001fee4                VecMeanSq_s16_f32 = 0x1fee4
                0x0001fee8                VecOverShift_s16_f32 = 0x1fee8
                0x0001feec                VecMinus_s16_f32_f32 = 0x1feec
                0x0001fef0                VectorCopy_f32_s16 = 0x1fef0
                0x0001fef4                VecEleMul_s16_s16_f32 = 0x1fef4
                0x0001fef8                VecEleMul_f32_s16_f32 = 0x1fef8
                0x0001fefc                VecMeanSq_float_f_f = 0x1fefc
                0x0001ff00                VectorSet_float_f_f = 0x1ff00
                0x0001ff04                VecMagRecAve_float_c_f_f = 0x1ff04
                0x0001ff08                VecMulScalar_float_c_f_c = 0x1ff08
                0x0001ff0c                VecConjEleMul_float_c_c_c = 0x1ff0c
                0x0001ff10                VecPlus_float_f_f_f = 0x1ff10
                0x0001ff14                VecDivide_float_c_f_c_f = 0x1ff14
                0x0001ff18                VecPlus_float_c_c_c = 0x1ff18
                0x0001ff1c                VecConjMulRecAve_float_c_c_c_f = 0x1ff1c
                0x0001ff20                VecGetMag_float_c_f = 0x1ff20
                0x0001ff24                VecMax_float_f_f = 0x1ff24
                0x0001ff28                VecRecAve_float_f_f_f = 0x1ff28
                0x0001ff2c                VecEleMul_float_f_f_f = 0x1ff2c
                0x0001ff30                VecMagAndDiv_float_c_f_f_f = 0x1ff30
                0x0001ff34                VecMin_float_f_f = 0x1ff34
                0x0001ff38                VecMinus_float_f_f_f = 0x1ff38
                0x0001ff3c                VecMean_float_f_f = 0x1ff3c
                0x0001ff40                VecEleMul_float_c_f_c = 0x1ff40
                0x0001ff44                VecMeanSqu_float_c_f = 0x1ff44
                0x0001ff48                VecCopy_float_f_f = 0x1ff48
                0x0001ff4c                VecMin_float_f_f_f = 0x1ff4c
                0x0001ff50                VecDivide_float_f_f_f_f = 0x1ff50
                0x0001ff54                VecCompBT_float_f_f_f = 0x1ff54
                0x0001ff58                VecCondCopy_float_f_f_f = 0x1ff58
                0x0001ff5c                VecMulScalar_float_f_f_f = 0x1ff5c
                0x0001ff60                VecPlusScalar_float_f_f_f = 0x1ff60
                0x0001ff64                VecMinScalar_float_f_f_f = 0x1ff64
                0x0001ff68                VecOpposite_float_f_f = 0x1ff68
                0x0001ff6c                VecEleMla_float_f_f_f = 0x1ff6c
                0x0001ff70                VecEleMla_float_c_c_c = 0x1ff70
                0x0001ff74                VecMinus_float_c_c_c = 0x1ff74
                0x0001ff78                VecDotProduct_float_f_f_f = 0x1ff78
                0x0001ff7c                VecDotProduct_float_c_c_c = 0x1ff7c
                0x0001ff80                VecDotProduct_float_c_f_c = 0x1ff80
                0x0001ff84                VecCopy_float_c_c = 0x1ff84
                0x0001ff88                VecCopy_float_f_c = 0x1ff88
                0x0001ff8c                VecConjDotProduct_float_c_c_c = 0x1ff8c
                0x0001ff90                VecNormalize_float_c_c_f = 0x1ff90
                0x0001ff94                VecRecAve_float_c_c_f = 0x1ff94
                0x0001ff98                VecOverlapShift_float_f_f_i = 0x1ff98
                0x0001ff9c                VecMax_float_f_f_f = 0x1ff9c
                0x0001ffa0                VecConjEwMulAndDiv_float_c_c_f_f_c = 0x1ffa0
                0x0001ffa4                VecPlusMulScalar_float_c_c_f_c = 0x1ffa4
                0x0001ffa8                VecCondCopy_float_c_i_c = 0x1ffa8
                0x0001ffac                VecEleMulAndDiv_float_f_f_f_f_f = 0x1ffac
                0x0001ffb0                VectorSet_float_f_c = 0x1ffb0
                0x0001ffb4                VecDivScalar_float_f_f_f = 0x1ffb4
                0x0001ffb8                VecDivScalar_float_c_f_c = 0x1ffb8
                0x0001ffbc                VecPlusScalar_float_c_f_c = 0x1ffbc
                0x0001ffc0                VecMinScalar_float_c_f_c = 0x1ffc0
                0x00019000                mdct_tab_256 = 0x19000
                0x00019200                mdct_tab_2048 = 0x19200
                0x0001a200                sine_long_1024 = 0x1a200
                0x0001b200                sine_short_128 = 0x1b200
                0x0001b400                kbd_long_1024 = 0x1b400
                0x0001c400                kbd_short_128 = 0x1c400
                0x0001c634                Huffmancb_SCL = 0x1c634
                0x0001c844                num_swb_960_window = 0x1c844
                0x0001c850                num_swb_1024_window = 0x1c850
                0x0001c85c                num_swb_128_window = 0x1c85c
                0x0001c868                swb_offset_1024_96 = 0x1c868
                0x0001c8bc                swb_offset_128_96 = 0x1c8bc
                0x0001c8d6                swb_offset_1024_64 = 0x1c8d6
                0x0001c936                swb_offset_128_64 = 0x1c936
                0x0001c950                swb_offset_1024_48 = 0x1c950
                0x0001c9b4                swb_offset_128_48 = 0x1c9b4
                0x0001c9d2                swb_offset_1024_32 = 0x1c9d2
                0x0001ca3a                swb_offset_1024_24 = 0x1ca3a
                0x0001ca9a                swb_offset_128_24 = 0x1ca9a
                0x0001caba                swb_offset_1024_16 = 0x1caba
                0x0001cb12                swb_offset_128_16 = 0x1cb12
                0x0001cb32                swb_offset_1024_8 = 0x1cb32
                0x0001cb84                swb_offset_128_8 = 0x1cb84
                0x0001cba4                swb_offset_1024_window = 0x1cba4
                0x0001cbd4                swb_offset_128_window = 0x1cbd4
                0x0001cc04                iq_table = 0x1cc04
                0x0001d008                tns_coef_0_3 = 0x1d008
                0x0001d048                tns_coef_0_4 = 0x1d048
                0x0001d088                tns_coef_1_3 = 0x1d088
                0x0001d0c8                tns_coef_1_4 = 0x1d0c8
                0x0001d108                pow05_table = 0x1d108
                0x0001d124                sample_rates = 0x1d124
                0x0001d154                pred_sfb_max = 0x1d154
                0x0001d160                tns_sbf_max = 0x1d160
                0x0001d1a0                Huffmancb_1 = 0x1d1a0
                0x0001d338                Huffmancb_2 = 0x1d338
                0x0001d470                Huffmancb_3 = 0x1d470
                0x0001d5a8                Huffmancb_4 = 0x1d5a8
                0x0001d6d8                Huffmancb_5 = 0x1d6d8
                0x0001d820                Huffmancb_6 = 0x1d820
                0x0001d960                Huffmancb_7 = 0x1d960
                0x0001da58                Huffmancb_8 = 0x1da58
                0x0001db50                Huffmancb_9 = 0x1db50
                0x0001ddf0                Huffmancb_10 = 0x1ddf0
                0x0001e080                Huffmancb_11 = 0x1e080
                0x0001e540                AACcodeBookDTable = 0x1e540
                0x0001c83c                AAC_SFHUFF_TAB = 0x1c83c
                0x0001ffc4                get_aac_ops = 0x1ffc4
                0x0001e5b8                silk_NLSF_CB_WB = 0x1e5b8
                0x0001ea5c                silk_LTP_vq_ptrs_Q7 = 0x1ea5c
                0x0001ffc8                get_opus_enc_ops = 0x1ffc8
                0x0001ffcc                opus_encode = 0x1ffcc
                0x0001ffd0                silk_Encode = 0x1ffd0
                0x0001ffd4                silk_encode_do_VAD_FIX = 0x1ffd4
                0x0001ffd8                silk_encode_frame_FIX = 0x1ffd8
                0x0001ffdc                silk_find_pitch_lags_FIX = 0x1ffdc
                0x0001ffe0                silk_noise_shape_analysis_FIX = 0x1ffe0
                0x0001ffe4                silk_find_pred_coefs_FIX = 0x1ffe4
                0x0001ffe8                silk_process_gains_FIX = 0x1ffe8
                0x0001ffec                silk_prefilter_FIX = 0x1ffec
                0x0001fff0                silk_NSQ_del_dec_c = 0x1fff0
                0x0001fff4                silk_encode_indices = 0x1fff4
                0x0001fff8                silk_encode_pulses = 0x1fff8
                0x0001fffc                silk_ana_filt_bank_1 = 0x1fffc
                0x00003804                STFT_Win_FixHalf_M512_D160 = 0x3804
                0x00003c04                STFT_Win_FixHalf_M256_D160 = 0x3c04
                0x00003e04                STFT_Win_FixHalf_M256_D80 = 0x3e04
                0x00004004                STFT_Win_FixHalf_M128_D80 = 0x4004
                0x00000004                WOLAAnalysisFilter_Float_M64_m4_r1 = 0x4
                0x00000404                WOLASynthesisFilter_Float_M64_m4_r1 = 0x404
                0x00000804                WOLAAnalysisFilter_Float_M128_m4_r1 = 0x804
                0x00001004                WOLASynthesisFilter_Float_M128_m4_r1 = 0x1004
                0x00001804                WOLAAnalysisFilter_Float_M256_m4_r1 = 0x1804
                0x00002804                WOLASynthesisFilter_Float_M256_m4_r1 = 0x2804
                0x00009914                quantize_intervals_LF = 0x9914
                0x00009a18                invert_quantize_dither_factors_LF = 0x9a18
                0x00009b1c                quantize_dither_factors_LF = 0x9b1c
                0x00009c20                quantize_factor_select_offset_LF = 0x9c20
                0x00009ca4                hd_quantize_intervals_LF = 0x9ca4
                0x0019fc28                boot_arg_list = 0x19fc28
                0x0019fe00                _IRQ_MEM_ADDR = 0x19fe00
                0x0019fc00                _MASK_MEM_BEGIN = 0x19fc00
                0x000001a4                _MASK_MEM_SIZE = 0x1a4
                0x00000080                UPDATA_SIZE = 0x80
                0x0019fb80                UPDATA_BEG = (_MASK_MEM_BEGIN - UPDATA_SIZE)
                0x001a0000                UPDATA_BREDR_BASE_BEG = 0x1a0000
                0x00100000                RAM_LIMIT_L = 0x100000
                0x0019fb80                RAM_LIMIT_H = UPDATA_BEG
                0x0009fb80                PHY_RAM_SIZE = (RAM_LIMIT_H - RAM_LIMIT_L)
                0x0019fe00                ISR_BASE = _IRQ_MEM_ADDR
                0x000001a4                ROM_RAM_SIZE = _MASK_MEM_SIZE
                0x0019fc00                ROM_RAM_BEG = _MASK_MEM_BEGIN
                0x00160000                RAM0_BEG = (RAM_LIMIT_L + 0x60000)
                0x0019fb80                RAM0_END = RAM_LIMIT_H
                0x0003fb80                RAM0_SIZE = (RAM0_END - RAM0_BEG)
                0x00100000                RAM1_BEG = RAM_LIMIT_L
                0x00160000                RAM1_END = RAM0_BEG
                0x00060000                RAM1_SIZE = (RAM1_END - RAM1_BEG)
                0x06000100                CODE_BEG = 0x6000100
                0x001a0600                EQ_PRIV_COEFF_BASE = 0x1a0600
                0x0000000a                EQ_PRIV_SECTION_NUM = 0xa
                0x001a0880                EQ_PRIV_COEFF_END = (EQ_PRIV_COEFF_BASE + (((0x4 * EQ_PRIV_SECTION_NUM) * 0x8) * 0x2))
                0x0000000a                EQ_SECTION_NUM = 0xa
                0x06000100                . = ORIGIN (code0)

.text           0x06000100    0x6b204
                [!provide]                PROVIDE (text_rodata_begin, .)
 *(.startup.text)
 .startup.text  0x06000100       0xaa cpu/br28/liba/cpu.a(startup.S.o)
                0x06000100                _start
 *(.text)
 .text          0x060001aa     0xf970 cpu/br28/tools/sdk.elf.o
                0x06005d56                update_result_get
                0x06006222                __errno
 .text          0x0600fb1a      0x1b8 C:/JL/pi32/pi32v2-lib/r3-large/libcompiler-rt.a(comparedf2.o)
                0x0600fb1a                __ledf2
                0x0600fb1a                __cmpdf2
                0x0600fbca                __gedf2
                0x0600fc72                __unorddf2
                0x0600fcb2                __eqdf2
                0x0600fcba                __ltdf2
                0x0600fcc2                __nedf2
                0x0600fcca                __gtdf2
 .text          0x0600fcd2      0x346 C:/JL/pi32/pi32v2-lib/r3-large/libcompiler-rt.a(divdf3.o)
                0x0600fd08                __divdf3
 .text          0x06010018       0x4c C:/JL/pi32/pi32v2-lib/r3-large/libcompiler-rt.a(floatsidf.o)
                0x06010018                __floatsidf
 .text          0x06010064      0x2fa C:/JL/pi32/pi32v2-lib/r3-large/libcompiler-rt.a(muldf3.o)
                0x0601009a                __muldf3
 .text          0x0601035e        0xc C:/JL/pi32/pi32v2-lib/r3-large/libcompiler-rt.a(subdf3.o)
                0x0601035e                __subdf3
 .text          0x0601036a       0x12 C:/JL/pi32/pi32v2-lib/r3-large/libcompiler-rt.a(udivdi3.o)
                0x0601036a                __udivdi3
 .text          0x0601037c       0x7a C:/JL/pi32/pi32v2-lib/r3-large/libcompiler-rt.a(extendsfdf2.o)
                0x0601037c                __extendsfdf2
 .text          0x060103f6       0x34 C:/JL/pi32/pi32v2-lib/r3-large/libcompiler-rt.a(floatunsidf.o)
                0x060103f6                __floatunsidf
 .text          0x0601042a      0x146 C:/JL/pi32/pi32v2-lib/r3-large/libcompiler-rt.a(truncdfsf2.o)
                0x0601042a                __truncdfsf2
                0x06010570                . = ALIGN (0x4)
                0x06010570                update_target_begin = .
                [!provide]                PROVIDE (update_target_begin, .)
 *(.update_target)
 .update_target
                0x06010570       0x20 cpu/br28/tools/sdk.elf.o
                0x06010570                iis_update_target
                0x06010578                vad_update_target
                0x06010580                power_update_target
                0x06010588                ble_update_target
                0x06010590                update_target_end = .
                [!provide]                PROVIDE (update_target_end, .)
                0x06010590                . = ALIGN (0x4)
 *(.LOG_TAG_CONST*)
 *(.rodata*)
 .rodata.str1.1
                0x06010590     0x16ea cpu/br28/tools/sdk.elf.o
                               0x171e (size before relaxing)
 *fill*         0x06011c7a        0x6 
 .rodata        0x06011c80     0xa5f8 cpu/br28/tools/sdk.elf.o
 *fill*         0x0601c278        0x8 
 .rodata.str1.16
                0x0601c280     0x10c0 cpu/br28/tools/sdk.elf.o
                               0x10b2 (size before relaxing)
 .rodata.cst16  0x0601d340       0x10 cpu/br28/tools/sdk.elf.o
 .rodata.cst4   0x0601d350        0x4 cpu/br28/tools/sdk.elf.o
 .rodata._ZTV15StaticAllocatorI9floatRealE
                0x0601d354       0x10 cpu/br28/tools/sdk.elf.o
 .rodata._ZTV15StaticAllocatorI7fixRealE
                0x0601d364       0x10 cpu/br28/tools/sdk.elf.o
                0x0601d374                . = ALIGN (0x4)
                [!provide]                PROVIDE (text_rodata_end, .)
                0x0601d374                clock_critical_handler_begin = .
 *(.clock_critical_txt)
 .clock_critical_txt
                0x0601d374       0x30 cpu/br28/tools/sdk.elf.o
                0x0601d374                clock_mcpwm
                0x0601d37c                clock_uart
                0x0601d384                clock_timer
                0x0601d38c                clock_lrc
                0x0601d394                clock_rch
                0x0601d39c                clock_port
                0x0601d3a4                clock_critical_handler_end = .
                0x0601d3a4                chargestore_handler_begin = .
 *(.chargestore_callback_txt)
                0x0601d3a4                chargestore_handler_end = .
 *(.opcore_table_maskrom)
 *(.bfilt_table_maskroom)
 *(.opcore_maskrom)
 .opcore_maskrom
                0x0601d3a4      0x7f2 cpu/br28/tools/sdk.elf.o
 *(.bfilt_code)
 *(.bfilt_const)
                0x0601db98                . = ALIGN (0x4)
 *fill*         0x0601db96        0x2 
                0x0601db98                lcd_interface_begin = .
 *(.lcd_if_info)
                0x0601db98                lcd_interface_end = .
                0x0601db98                ui_style_begin = .
 *(.ui_style)
                0x0601db98                ui_style_end = .
                0x0601db98                elm_event_handler_begin_JL = .
 *(.elm_event_handler_JL)
                0x0601db98                elm_event_handler_end_JL = .
                0x0601db98                elm_event_handler_begin_UPGRADE = .
 *(.elm_event_handler_UPGRADE)
                0x0601db98                elm_event_handler_end_UPGRADE = .
                0x0601db98                elm_event_handler_begin_DIAL = .
 *(.elm_event_handler_DIAL)
                0x0601db98                elm_event_handler_end_DIAL = .
                0x0601db98                control_event_handler_begin = .
 *(.control_event_handler)
                0x0601db98                control_event_handler_end = .
                0x0601db98                control_ops_begin = .
 *(.control_ops)
                0x0601db98                control_ops_end = .
                0x0601db98                battery_notify_begin = .
 *(.battery_notify)
                0x0601db98                battery_notify_end = .
                0x0601db98                . = ALIGN (0x4)
                0x0601db98                __VERSION_BEGIN = .
 *(.sys.version)
 .sys.version   0x0601db98       0x26 objs/apps/earphone/sdk_version.z.S.o
                0x0601dbbe                __VERSION_END = .
 *(.noop_version)
                0x0601dbc0                . = ALIGN (0x4)
 *fill*         0x0601dbbe        0x2 
                0x0601dbc0                . = ALIGN (0x4)
                0x0601dbc0                tool_interface_begin = .
 *(.tool_interface)
 .tool_interface
                0x0601dbc0        0x8 cpu/br28/tools/sdk.elf.o
                0x0601dbc8                tool_interface_end = .
                0x0601dbc8                . = ALIGN (0x4)
                0x0601dbc8                cmd_interface_begin = .
 *(.eff_cmd)
                0x0601dbc8                cmd_interface_end = .
                0x0601dbc8                . = ALIGN (0x4)
                0x0601dbe0                . = ALIGN (0x20)
 *fill*         0x0601dbc8       0x18 
                0x0601dbe0                m_code_addr = .
 *(.m.code*)
 *(.movable.code*)
                0x00000000                m_code_size = ABSOLUTE ((. - m_code_addr))
                0x0601dbe0                . = ALIGN (0x20)
                0x0601dbe0                gsensor_dev_begin = .
 *(.gsensor_dev)
                0x0601dbe0                gsensor_dev_end = .
                0x0601dbe0                fm_dev_begin = .
 *(.fm_dev)
                0x0601dbe0                fm_dev_end = .
                0x0601dbe0                fm_emitter_dev_begin = .
 *(.fm_emitter_dev)
                0x0601dbe0                fm_emitter_dev_end = .
                0x0601dbe0                storage_device_begin = .
 *(.storage_device)
                0x0601dbe0                storage_device_end = .
                0x0601dbe0                imusensor_dev_begin = .
 *(.imusensor_dev)
                0x0601dbe0                imusensor_dev_end = .
                0x0601dbe0                . = ALIGN (0x20)
                0x0601dbe0                update_code_start = .
 *(.bt_updata_ram_code)
 .bt_updata_ram_code
                0x0601dbe0       0xaa cpu/br28/tools/sdk.elf.o
 *(.update_const)
 *fill*         0x0601dc8a        0x2 
 .update_const  0x0601dc8c      0x15e cpu/br28/tools/sdk.elf.o
 *(.update_code)
 .update_code   0x0601ddea     0x1784 cpu/br28/tools/sdk.elf.o
                0x0601f56e                update_code_end = .
                0x0601f56e                btstack_code_start = .
                0x0601f570                . = ALIGN (0x4)
 *fill*         0x0601f56e        0x2 
                0x0601f570                a2dp_source_media_codec_begin = .
 *(.a2dp_source_media_codec)
 .a2dp_source_media_codec
                0x0601f570       0x30 cpu/br28/tools/sdk.elf.o
                0x0601f570                a2dp_source_lc3_codec
                0x0601f588                a2dp_source_sbc_codec
                0x0601f5a0                a2dp_source_media_codec_end = .
                0x0601f5a0                a2dp_sink_media_probe_begin = .
 *(.a2dp_sink_media_probe)
                0x0601f5a0                a2dp_sink_media_probe_end = .
                0x0601f5a0                a2dp_sink_media_codec_begin = .
 *(.a2dp_sink_media_codec)
 .a2dp_sink_media_codec
                0x0601f5a0       0x48 cpu/br28/tools/sdk.elf.o
                0x0601f5a0                a2dp_1sbc_codec_private
                0x0601f5b8                a2dp_2aac_sink_codec
                0x0601f5d0                a2dp_4ldac_sink_codec
                0x0601f5e8                a2dp_sink_media_codec_end = .
                0x0601f5e8                a2dp_event_handler_begin = .
 *(.a2dp_event_handler)
 .a2dp_event_handler
                0x0601f5e8       0x70 cpu/br28/tools/sdk.elf.o
                0x0601f5e8                a2dp_sink_event_handler
                0x0601f604                a2dp_source_event_handler
                0x0601f620                acp_a2dp_event_handler
                0x0601f63c                acp_a2dp_src_event_handler
                0x0601f658                a2dp_event_handler_end = .
                0x0601f658                sdp_record_item_begin = .
 *(.sdp_record_item)
 .sdp_record_item
                0x0601f658       0x60 cpu/br28/tools/sdk.elf.o
                0x0601f658                a2dp_sdp_record_item
                0x0601f664                arp_ct_sdp_record_item
                0x0601f670                arp_ta_sdp_record_item
                0x0601f67c                hfp_sdp_record_item
                0x0601f688                hid_sdp_record_item
                0x0601f694                pnp_sdp_record_item
                0x0601f6a0                spp_sdp_record_item
                0x0601f6ac                spp_user_sdp_record_item
                0x0601f6b8                sdp_record_item_end = .
                0x0601f6b8                bt_sleep_begin = .
 *(.bt_sleep)
 .bt_sleep      0x0601f6b8       0x6c cpu/br28/tools/sdk.elf.o
                0x0601f6b8                bt_suspend_a2dp_resumea2dp_release
                0x0601f6c4                bt_suspend_avctp_resumeavctp_release
                0x0601f6d0                bt_suspend_hfp_resumehfp_release
                0x0601f6dc                bt_suspend_user_cmd_loop_resumeuser_cmd_loop_release
                0x0601f6e8                bt_suspend_hid_resumehid_release
                0x0601f6f4                bt_suspend_spp_resumespp_release
                0x0601f700                bt_suspend_spp_up_resumespp_up_release
                0x0601f70c                bt_suspend_iap_resumeiap_release
                0x0601f718                bt_suspend_sdp_resumesdp_release
                0x0601f724                bt_sleep_end = .
 *(.bt_stack_const)
 .bt_stack_const
                0x0601f724      0x954 cpu/br28/tools/sdk.elf.o
 *(.bt_stack_code)
 .bt_stack_code
                0x06020078     0xd8e6 cpu/br28/tools/sdk.elf.o
 *(.ble_db_const)
 *(.ble_db_code)
 *(.ble_sm_const)
 *(.ble_sm_code)
 .ble_sm_code   0x0602d95e       0x40 cpu/br28/tools/sdk.elf.o
 *(.ble_att_const)
 .ble_att_const
                0x0602d99e       0x17 cpu/br28/tools/sdk.elf.o
 *(.ble_att_code)
 *fill*         0x0602d9b5        0x1 
 .ble_att_code  0x0602d9b6      0x6da cpu/br28/tools/sdk.elf.o
 *(.ble_gatt_const)
 *(.ble_gatt_code)
 .ble_gatt_code
                0x0602e090       0xa0 cpu/br28/tools/sdk.elf.o
                0x0602e130                BTSTACK_LE_HOST_MESH_CODE_START = .
 *(.ble_mesh_code)
 *(.ble_mesh_tinycrypt_code)
 *(.ble_mesh_const)
 *(.ble_mesh_tinycrypt_const)
                0x00000000                BTSTACK_LE_HOST_MESH_CODE_SIZE = ABSOLUTE ((. - BTSTACK_LE_HOST_MESH_CODE_START))
                0x0602e130                btstack_code_end = .
                0x0602e130                . = ALIGN (0x4)
                0x0602e130                . = ALIGN (0x4)
                0x0602e130                system_text_start = .
                0x0602e130                _device_node_begin = .
                0x0602e130                PROVIDE (device_node_begin, .)
 *(.device)
 .device        0x0602e130        0x0 cpu/br28/tools/sdk.elf.o
                0x0602e130                device_table
                0x0602e130                _device_node_end = .
                0x0602e130                PROVIDE (device_node_end, .)
                0x0602e130                config_target_begin = .
                [!provide]                PROVIDE (config_target_begin, .)
 *(.config_target)
 .config_target
                0x0602e130        0x8 cpu/br28/tools/sdk.elf.o
                0x0602e130                eq_config_target
                0x0602e138                config_target_end = .
                [!provide]                PROVIDE (config_target_end, .)
                0x0602e138                system_code_begin = .
 *(.system.*.text)
 .system.lbuf.text
                0x0602e138      0x382 cpu/br28/tools/sdk.elf.o
 .system.printf.text
                0x0602e4ba      0x5fa cpu/br28/tools/sdk.elf.o
 .system.timer.text
                0x0602eab4      0x78c cpu/br28/tools/sdk.elf.o
 .system.cpu.text
                0x0602f240      0x91a cpu/br28/tools/sdk.elf.o
 .system.cbuf.text
                0x0602fb5a      0x24e cpu/br28/tools/sdk.elf.o
 .system.event.text
                0x0602fda8      0x4ba cpu/br28/tools/sdk.elf.o
 .system.device.text
                0x06030262       0xbc cpu/br28/tools/sdk.elf.o
 .system.fs.text
                0x0603031e      0xe60 cpu/br28/tools/sdk.elf.o
 .system.ascii.text
                0x0603117e       0xbe cpu/br28/tools/sdk.elf.o
 .system.cfg_tool.text
                0x0603123c      0x786 cpu/br28/tools/sdk.elf.o
 .system.init.text
                0x060319c2      0xa40 cpu/br28/tools/sdk.elf.o
                0x060319cc                boot_info_init
                0x060319f6                cpu1_main
                0x06031a58                main
 .system.task.text
                0x06032402       0x5e cpu/br28/tools/sdk.elf.o
 .system.app_core.text
                0x06032460      0x2b4 cpu/br28/tools/sdk.elf.o
                0x06032714                system_code_end = .
                0x06032714                . = ALIGN (0x4)
                0x000045dc                system_code_size = (system_code_end - system_code_begin)
                0x06032714                vfs_ops_begin = .
 *(.vfs_operations)
 .vfs_operations
                0x06032714       0x74 cpu/br28/tools/sdk.elf.o
                0x06032714                sdfile_vfs_ops
                0x06032788                vfs_ops_end = .
                0x06032788                _lib_version_begin = .
                [!provide]                PROVIDE (lib_version_begin, .)
 *(.lib_version)
 .lib_version   0x06032788        0xc cpu/br28/tools/sdk.elf.o
                0x06032788                __version_sdfile
                0x0603278c                __version_fs
                0x06032790                __version_fatfs
                0x06032794                _lib_version_end = .
                [!provide]                PROVIDE (lib_version_end, .)
                0x06032794                _initcall_begin = .
                0x06032794                PROVIDE (initcall_begin, .)
 *(.initcall)
 .initcall      0x06032794       0x18 cpu/br28/tools/sdk.elf.o
                0x06032794                __initcall_audio_online_debug_open
                0x06032798                __initcall_trim_timer_add
                0x0603279c                __initcall_app_update_init
                0x060327a0                __initcall_tone_table_init
                0x060327a4                __initcall_eq_init
                0x060327a8                __initcall_audio_vbass_init
                0x060327ac                _initcall_end = .
                0x060327ac                PROVIDE (initcall_end, .)
                0x060327ac                _early_initcall_begin = .
                0x060327ac                PROVIDE (early_initcall_begin, .)
 *(.early.initcall)
 .early.initcall
                0x060327ac        0x8 cpu/br28/tools/sdk.elf.o
                0x060327ac                __initcall_sys_event_init
                0x060327b0                __initcall_sdfile_init
                0x060327b4                _early_initcall_end = .
                0x060327b4                PROVIDE (early_initcall_end, .)
                0x060327b4                _late_initcall_begin = .
                0x060327b4                PROVIDE (late_initcall_begin, .)
 *(.late.initcall)
 .late.initcall
                0x060327b4        0x8 cpu/br28/tools/sdk.elf.o
                0x060327b4                __initcall_check_otp_data
                0x060327b8                __initcall_sdk_meky_check
                0x060327bc                _late_initcall_end = .
                0x060327bc                PROVIDE (late_initcall_end, .)
                0x060327bc                _platform_initcall_begin = .
                0x060327bc                PROVIDE (platform_initcall_begin, .)
 *(.platform.initcall)
 .platform.initcall
                0x060327bc        0x4 cpu/br28/tools/sdk.elf.o
                0x060327bc                __initcall_syscfg_tools_init
                0x060327c0                _platform_initcall_end = .
                0x060327c0                PROVIDE (platform_initcall_end, .)
                0x060327c0                _module_initcall_begin = .
                0x060327c0                PROVIDE (module_initcall_begin, .)
 *(.module.initcall)
                0x060327c0                _module_initcall_end = .
                0x060327c0                PROVIDE (module_initcall_end, .)
                0x060327c0                _sys_event_handler_begin = .
                0x060327c0                PROVIDE (sys_event_handler_begin, .)
 *(.sys_event.4.handler)
 .sys_event.4.handler
                0x060327c0        0x8 cpu/br28/tools/sdk.elf.o
                0x060327c0                __event_handler_bt_tws_event_handler
 *(.sys_event.3.handler)
 *(.sys_event.2.handler)
 *(.sys_event.1.handler)
 *(.sys_event.0.handler)
                0x060327c8                _sys_event_handler_end = .
                0x060327c8                PROVIDE (sys_event_handler_end, .)
                0x060327c8                _syscfg_arg_begin = .
                [!provide]                PROVIDE (syscfg_arg_begin, .)
 *(.syscfg.arg)
                0x060327c8                _syscfg_arg_end = .
                [!provide]                PROVIDE (syscfg_arg_end, .)
                0x060327c8                _syscfg_handler_begin = .
                [!provide]                PROVIDE (syscfg_handler_begin, .)
 *(.syscfg.handler)
                0x060327c8                _syscfg_handler_end = .
                [!provide]                PROVIDE (syscfg_handler_end, .)
                0x060327c8                _syscfg_ops_begin = .
                0x060327c8                PROVIDE (syscfg_ops_begin, .)
 *(.syscfg.2.ops)
 .syscfg.2.ops  0x060327c8       0x1c cpu/br28/tools/sdk.elf.o
                0x060327c8                cfg_btif
 *(.syscfg.1.ops)
 .syscfg.1.ops  0x060327e4       0x1c cpu/br28/tools/sdk.elf.o
                0x060327e4                cfg_vm
 *(.syscfg.0.ops)
 .syscfg.0.ops  0x06032800       0x1c cpu/br28/tools/sdk.elf.o
                0x06032800                cfg_bin
                0x0603281c                _syscfg_ops_end = .
                0x0603281c                PROVIDE (syscfg_ops_end, .)
                0x0603281c                _server_info_begin = .
                [!provide]                PROVIDE (server_info_begin, .)
 *(.server_info)
                0x0603281c                _server_info_end = .
                [!provide]                PROVIDE (server_info_end, .)
                0x0603281c                _bus_device_begin = .
                [!provide]                PROVIDE (bus_device_begin, .)
 *(.bus_device)
                0x0603281c                _bus_device_end = .
                [!provide]                PROVIDE (bus_device_end, .)
                0x0603281c                _sys_power_hal_ops_begin = .
                [!provide]                PROVIDE (sys_power_hal_ops_begin, .)
 *(.sys_power_hal_ops)
                0x0603281c                _sys_power_hal_ops_end = .
                [!provide]                PROVIDE (sys_power_hal_ops_end, .)
                0x0603281c                crypto_begin = .
 *(.crypto_ecdh_code)
 *(.crypto_ecdh_const)
 *(.crypto_bigint_code)
 .crypto_bigint_code
                0x0603281c      0x3e0 cpu/br28/tools/sdk.elf.o
 *(.crypto_bigint_const)
 *(.crypto_code)
 .crypto_code   0x06032bfc      0x42e cpu/br28/tools/sdk.elf.o
 *(.crypto_const)
 *fill*         0x0603302a        0x2 
 .crypto_const  0x0603302c      0x171 cpu/br28/tools/sdk.elf.o
 *(.ECDH_sample_code)
 *(.ECDH_sample_const)
 *(.uECC_code)
 *fill*         0x0603319d        0x1 
 .uECC_code     0x0603319e      0x94a cpu/br28/tools/sdk.elf.o
 *(.uECC_const)
 .uECC_const    0x06033ae8       0x60 cpu/br28/tools/sdk.elf.o
 *(.hmac_code)
 .hmac_code     0x06033b48      0x41c cpu/br28/tools/sdk.elf.o
 *(.hmac_const)
 *(.hash_sample_code)
 *(.hash_sample_const)
 *(.aes_cmac_sample_code)
 *(.aes_cmac_sample_const)
                0x06033f64                crypto_end = .
                0x00001748                crypto_size = (. - crypto_begin)
 *(.mem_code)
 *(.mem_const)
 *(.os_port_code)
 *(.os_port_const)
 *(.os_const)
 .os_const      0x06033f64       0x18 cpu/br28/tools/sdk.elf.o
 *(.math_fast_funtion_code)
 .math_fast_funtion_code
                0x06033f7c       0x1c cpu/br28/tools/sdk.elf.o
                0x06033f98                __movable_function_start = .
 *(movable.text.*)
 *(movable.stub.*)
 *(movable.region.*)
                0x06033f98                __movable_function_end = .
                0x00000000                __movable_function_size = (__movable_function_end - __movable_function_start)
                0x06033f98                system_text_end = .
                0x00005e68                system_code_total_size = (system_text_end - system_text_start)
                0x06033f98                btctler_code_start = .
                0x06033f98                BTCTLER_CONTROLLER_CODE_START = .
 *(.bt_rf_const)
 .bt_rf_const   0x06033f98      0x5f4 cpu/br28/tools/sdk.elf.o
 *(.bt_rf_code)
 .bt_rf_code    0x0603458c     0x1b22 cpu/br28/tools/sdk.elf.o
 *(.vendor_manager_const)
 *(.vendor_manager_code)
 *(.device_manager_const)
 *(.device_manager_code)
 *(.hci_controller_const)
 *fill*         0x060360ae        0x2 
 .hci_controller_const
                0x060360b0       0x28 cpu/br28/tools/sdk.elf.o
 *(.hci_controller_code)
 .hci_controller_code
                0x060360d8      0x8b2 cpu/br28/tools/sdk.elf.o
 *(.hci_interface_const)
 *(.hci_interface_code)
                0x000029f2                BTCTLER_CONTROLLER_CODE_SIZE = ABSOLUTE ((. - BTCTLER_CONTROLLER_CODE_START))
                0x0603698a                BTCTLER_LE_CONTROLLER_CODE_START = .
 *(.ble_rf_const)
 *fill*         0x0603698a        0x2 
 .ble_rf_const  0x0603698c       0x18 cpu/br28/tools/sdk.elf.o
 *(.ble_rf_code)
 .ble_rf_code   0x060369a4     0x33f2 cpu/br28/tools/sdk.elf.o
 *(.ble_ll_const)
 *fill*         0x06039d96        0x2 
 .ble_ll_const  0x06039d98       0x68 cpu/br28/tools/sdk.elf.o
 *(.ble_ll_code)
 .ble_ll_code   0x06039e00     0x216a cpu/br28/tools/sdk.elf.o
 *(.ble_hci_const)
 .ble_hci_const
                0x0603bf6a       0x19 cpu/br28/tools/sdk.elf.o
 *(.ble_hci_code)
 *fill*         0x0603bf83        0x1 
 .ble_hci_code  0x0603bf84      0x50a cpu/br28/tools/sdk.elf.o
                0x00005b04                BTCTLER_LE_CONTROLLER_CODE_SIZE = ABSOLUTE ((. - BTCTLER_LE_CONTROLLER_CODE_START))
                0x0603c48e                BTCTLER_CL_CODE_START = .
 *(.bredr_irq)
 *(.bredr_irq_code)
 *(.bredr_irq_const)
 *(.classic_hci_const)
 *(.classic_hci_code)
 *(.classic_lmp_const)
 .classic_lmp_const
                0x0603c48e       0x14 cpu/br28/tools/sdk.elf.o
 *(.classic_lmp_auth_const)
 .classic_lmp_auth_const
                0x0603c4a2      0x4f0 cpu/br28/tools/sdk.elf.o
 *(.classic_lmp_bigint_const)
 *(.classic_lmp_crypt_const)
 *(.classic_lmp_ecdh_const)
 *(.classic_lmp_hmac_const)
 *(.classic_lmp_code)
 .classic_lmp_code
                0x0603c992     0x82d4 cpu/br28/tools/sdk.elf.o
 *(.classic_lmp_auth_code)
 .classic_lmp_auth_code
                0x06044c66      0x686 cpu/br28/tools/sdk.elf.o
 *(.classic_lmp_bigint_code)
 *(.classic_lmp_crypt_code)
 *(.classic_lmp_ecdh_code)
 *(.classic_lmp_hmac_code)
 *(.classic_rf_const)
 .classic_rf_const
                0x060452ec      0x560 cpu/br28/tools/sdk.elf.o
 *(.classic_rf_code)
 .classic_rf_code
                0x0604584c     0x546c cpu/br28/tools/sdk.elf.o
 *(.classic_bb_const)
 *(.classic_bb_code)
                0x0000e82a                BTCTLER_CL_CODE_SIZE = ABSOLUTE ((. - BTCTLER_CL_CODE_START))
 *(.classic_tws_const)
 *(.classic_tws_code)
 .classic_tws_code
                0x0604acb8      0x156 cpu/br28/tools/sdk.elf.o
 *(.classic_tws_code.esco)
 .classic_tws_code.esco
                0x0604ae0e       0x36 cpu/br28/tools/sdk.elf.o
                0x0604ae44                . = ALIGN (0x4)
                0x0604ae44                driver_code_start = .
 *(.fm_code)
                0x0604ae44                CLOCK_CODE_START = .
 *(.clock_code)
 .clock_code    0x0604ae44     0x11b8 cpu/br28/tools/sdk.elf.o
                0x0604b996                boot_clk_init
 *(.clock_const)
 .clock_const   0x0604bffc       0x30 cpu/br28/tools/sdk.elf.o
                0x000011e8                CLOCK_CODE_SIZE = ABSOLUTE ((. - CLOCK_CODE_START))
 *(.debug_code)
 *(.debug_const)
 *(.uart_code)
 *(.uart_const)
 *(.power_driver.text)
 .power_driver.text
                0x0604c02c     0x25d6 cpu/br28/tools/sdk.elf.o
 *(.power_driver.text.const)
 *fill*         0x0604e602       0x1e 
 .power_driver.text.const
                0x0604e620      0x7fd cpu/br28/tools/sdk.elf.o
 *(.power_reset.text)
 *fill*         0x0604ee1d        0x1 
 .power_reset.text
                0x0604ee1e      0x330 cpu/br28/tools/sdk.elf.o
 *(.power_reset.text.const)
 .power_reset.text.const
                0x0604f14e       0x80 cpu/br28/tools/sdk.elf.o
 *(.power_wakeup.text)
 .power_wakeup.text
                0x0604f1ce      0x5a8 cpu/br28/tools/sdk.elf.o
 *(.power_wakeup.text.const)
 .power_wakeup.text.const
                0x0604f776       0xad cpu/br28/tools/sdk.elf.o
                0x0604f824                . = ALIGN (0x4)
 *fill*         0x0604f823        0x1 
                0x0604f824                lp_target_begin = .
                [!provide]                PROVIDE (lp_target_begin, .)
 *(.lp_target)
 .lp_target     0x0604f824       0xcc cpu/br28/tools/sdk.elf.o
                0x0604f824                bt_test_lp_target
                0x0604f830                usb_stor_lp_target
                0x0604f83c                plll_trim_lp_target
                0x0604f848                ota_lp_target
                0x0604f854                phone_incom_lp_target
                0x0604f860                audio_dec_init_lp_target
                0x0604f86c                bt_dec_lp_target
                0x0604f878                audio_wind_detect_lp_target
                0x0604f884                power_app_lp_target
                0x0604f890                aispeech_asr_core_lp_target
                0x0604f89c                audio_tone_lp_target
                0x0604f8a8                tone_dec_lp_target
                0x0604f8b4                usb_dev_lp_target
                0x0604f8c0                usr_systimer_lp_target
                0x0604f8cc                btstack_lowpower_target
                0x0604f8d8                audio_dac_lp_target
                0x0604f8e4                eq_online_lp_target
                0x0604f8f0                lp_target_end = .
                [!provide]                PROVIDE (lp_target_end, .)
                0x0604f8f0                . = ALIGN (0x4)
                0x0604f8f0                lp_request_begin = .
                [!provide]                PROVIDE (lp_request_begin, .)
 *(.lp_request)
                0x0604f8f0                lp_request_end = .
                [!provide]                PROVIDE (lp_request_end, .)
                0x0604f8f0                . = ALIGN (0x4)
                0x0604f8f0                deepsleep_target_begin = .
                [!provide]                PROVIDE (deepsleep_target_begin, .)
 *(.deepsleep_target)
 .deepsleep_target
                0x0604f8f0       0x54 cpu/br28/tools/sdk.elf.o
                0x0604f8f0                uart
                0x0604f8fc                clock_sfc
                0x0604f908                tmr
                0x0604f914                vm_sfc
                0x0604f920                lrct
                0x0604f92c                periph
                0x0604f938                bt
                0x0604f944                deepsleep_target_end = .
                [!provide]                PROVIDE (deepsleep_target_end, .)
                0x0604f944                . = ALIGN (0x4)
                0x0604f944                p2m_msg_handler_begin = .
                [!provide]                PROVIDE (p2m_msg_handler_begin, .)
 *(.p2m_msg_handler)
                0x0604f944                PROVIDE (p2m_msg_handler_end, .)
                0x0604f944                p2m_msg_handler_end = .
                0x0604f944                driver_code_end = .
                0x0604f944                . = ALIGN (0x4)
                0x0604f944                media_text_start = .
                0x0604f944                . = ALIGN (0x4)
 *(.stream_code)
 *(.howlings_phf_code)
 *(.notchhowling_sparse_code)
 *(.notchhowling_code)
 *(.howlings_phf_sparse_code)
 *(.notchhowling_const)
 *(.howlings_phf_const)
                0x0604f944                . = ALIGN (0x4)
 *(.llns.text)
 *(.llns.text.const)
                0x0604f944                . = ALIGN (0x4)
 *(.aec_code)
 .aec_code      0x0604f944     0x14a6 cpu/br28/tools/sdk.elf.o
 *(.aec_const)
                0x06050dec                . = ALIGN (0x4)
 *fill*         0x06050dea        0x2 
 *(.res_code)
 *(.res_const)
                0x06050dec                . = ALIGN (0x4)
 *(.ns_code)
 *(.ns_const)
 *(.bark_const)
                0x06050dec                . = ALIGN (0x4)
 *(.jlsp_code)
 .jlsp_code     0x06050dec      0x372 cpu/br28/tools/sdk.elf.o
                0x06051160                . = ALIGN (0x4)
 *fill*         0x0605115e        0x2 
 *(.jlsp_const)
                0x06051160                . = ALIGN (0x4)
 *(.dns_16k_data)
 .dns_16k_data  0x06051160     0x3700 cpu/br28/tools/sdk.elf.o
                0x06054860                . = ALIGN (0x4)
 *(.dns_8k_data)
 .dns_8k_data   0x06054860     0x3700 cpu/br28/tools/sdk.elf.o
                0x06057f60                . = ALIGN (0x4)
 *(.jlsp_dns_code)
 .jlsp_dns_code
                0x06057f60      0x9c2 cpu/br28/tools/sdk.elf.o
 *(.jlsp_dns_const)
 *(.dns_param_data_wind)
 *(.dns_common_data_wind)
 *(.agc_code)
 *(.dms_code)
 *(.dms_sparse_code)
 *(.nlp_code)
 *(.nlp_const)
 *(.der_code)
 *(.der_const)
 *(.qmf_code)
 .qmf_code      0x06058922      0x43a cpu/br28/tools/sdk.elf.o
 *(.qmf_const)
 .qmf_const     0x06058d5c       0xd8 cpu/br28/tools/sdk.elf.o
 *(.fft_code)
 .fft_code      0x06058e34      0x15a cpu/br28/tools/sdk.elf.o
 *(.fft_const)
 *(.drc_sparse_code)
 *(.drc_code)
 *(.drc_const)
 *(.audio_gain_code)
 *(.audio_gain_const)
 *(.ns_sparse_code)
 *(.aec_sparse_code)
 .aec_sparse_code
                0x06058f8e       0xfe cpu/br28/tools/sdk.elf.o
 *(.nlp_sparse_code)
 *(.der_sparse_code)
 *(.qmf_sparse_code)
 .qmf_sparse_code
                0x0605908c       0x38 cpu/br28/tools/sdk.elf.o
 *(.bt_audioplc_code)
 .bt_audioplc_code
                0x060590c4      0x456 cpu/br28/tools/sdk.elf.o
 *(.bt_audioplc_sparse_code)
 .bt_audioplc_sparse_code
                0x0605951a       0x2c cpu/br28/tools/sdk.elf.o
 *(.bt_audioplc_const)
 *fill*         0x06059546        0x2 
 .bt_audioplc_const
                0x06059548        0xc cpu/br28/tools/sdk.elf.o
                0x06059554                . = ALIGN (0x4)
 *(.lf_audioplc_code)
 .lf_audioplc_code
                0x06059554      0x47a cpu/br28/tools/sdk.elf.o
 *(.lf_audioplc_sparse_code)
 .lf_audioplc_sparse_code
                0x060599ce       0x7c cpu/br28/tools/sdk.elf.o
 *(.lf_audioplc_const)
 *fill*         0x06059a4a        0x2 
 .lf_audioplc_const
                0x06059a4c        0xc cpu/br28/tools/sdk.elf.o
                0x06059a58                . = ALIGN (0x4)
 *(.pcm_code)
 .pcm_code      0x06059a58       0xa2 cpu/br28/tools/sdk.elf.o
 *(.pcm_const)
 *(.wtg_dec_code)
 *(.wtg_dec_sparse_code)
 *(.wtg_dec_const)
 *(.wtgv2_code)
 .wtgv2_code    0x06059afa      0x216 cpu/br28/tools/sdk.elf.o
 *(.wtgv2_const)
 *(.wtgv2dec_code)
 *(.wtgv2dec_const)
 *(.wtgv2dec_str)
 *(.wtg_decv2_sparse_code)
 *(.speex_dec_code)
 *(.speex_dec_const)
 *(.speex_const)
 *(.speex_code)
 *(.speex_encoder_code)
 *(.speex_encoder_const)
 *(.opus_code)
 *(.opus_const)
 *(.opus_encoder_code)
 *(.opus_encoder_const)
 *(.mp3_code)
 .mp3_code      0x06059d10      0x462 cpu/br28/tools/sdk.elf.o
 *(.mp3_const)
 *(.mp3_dec_sparse_code)
 .mp3_dec_sparse_code
                0x0605a172     0x1632 cpu/br28/tools/sdk.elf.o
 *(.mp3_dec_sparse_const)
 *(.mp3_dec_code)
 .mp3_dec_code  0x0605b7a4     0x3042 cpu/br28/tools/sdk.elf.o
 *(.mp3_dec_const)
 *fill*         0x0605e7e6        0x2 
 .mp3_dec_const
                0x0605e7e8     0x290c cpu/br28/tools/sdk.elf.o
 *(.bfilt_code)
 *(.msbc_code)
 .msbc_code     0x060610f4      0x5e2 cpu/br28/tools/sdk.elf.o
 *(.msbc_const)
 *fill*         0x060616d6        0x2 
 .msbc_const    0x060616d8       0x4e cpu/br28/tools/sdk.elf.o
 *(.mty_code)
 *(.mp3tsy_dec_code)
 *(.mp3tsy_dec_sparse_code)
 *(.mp3tsy_dec_const)
 *(.sbc_code)
 .sbc_code      0x06061726      0x4fc cpu/br28/tools/sdk.elf.o
 *(.sbc_const)
 *fill*         0x06061c22        0x2 
 .sbc_const     0x06061c24        0xc cpu/br28/tools/sdk.elf.o
 *(.sine_code)
 *(.sine_const)
 *(.wav_code)
 *(.wav_const)
 *(.wav_dec_code)
 *(.wav_dec_const)
 *(.wav_dec_sparse_code)
 *(.wav_dec_sparse_const)
 *(.wma_code)
 *(.wma_const)
 *(.wma_dec_code)
 *(.wma_dec_sparse_code)
 *(.wma_dec_const)
 *(.aac_code)
 .aac_code      0x06061c30      0x67e cpu/br28/tools/sdk.elf.o
 *(.aac_const)
 *(.ldac_decoder_code)
 *(.ldac_decoder_const)
 *(.bt_ldac_dec_code)
 *(.bt_ldac_dec_const)
 *(.amr_code)
 *(.amr_const)
 *(.amr_dec_code)
 *(.amr_dec_const)
 *(.amr_dec_sparse_code)
 *(.ape_code)
 *(.ape_const)
 *(.ape_dec_code)
 *(.ape_dec_sparse_code)
 *(.ape_dec_const)
 *(.dts_code)
 *(.dts_const)
 *(.dts_dec_sparse_code)
 *(.dts_dec_code)
 *(.dts_dec_const)
 *(.dts_dec_ff_const)
 *(.flac_code)
 *(.flac_const)
 *(.flac_dec_code)
 *(.flac_dec_const)
 *(.flac_dec_sparse_code)
 *(.audio_decoder_code)
 .audio_decoder_code
                0x060622ae     0x2878 cpu/br28/tools/sdk.elf.o
 *(.audio_decoder_const)
 *fill*         0x06064b26        0x2 
 .audio_decoder_const
                0x06064b28       0x68 cpu/br28/tools/sdk.elf.o
 *(.audio_track_const)
 *(.audio_track_code)
 *(.m4a_code)
 *(.m4a_const)
 *(.m4a_dec_code)
 *(.m4a_dec_sparse_code)
 *(.m4a_dec_sparse_const)
 *(.bt_aac_dec_core_sparse_const)
 *(.bt_aac_dec_core_sparse_code)
 *(.bt_aac_dec_core_code)
 *(.bt_aac_dec_eng_code)
 *(.bt_aac_dec_eng_const)
 *(.alac_code)
 *(.alac_const)
 *(.alac_dec_code)
 *(.media_device_code)
 *(.media_device_const)
 *(.audio_encoder_code)
 *(.audio_encoder_const)
 *(.mixer_code)
 .mixer_code    0x06064b90      0x5ae cpu/br28/tools/sdk.elf.o
 *(.mixer_const)
 *(.dec_server_code)
 *(.dec_server_const)
 *(.rec_server_code)
 *(.rec_server_const)
 *(.auto_mute_code)
 *(.auto_mute_const)
 *(.plc_code)
 *(.plc_const)
 *(.wireless_sync_code)
 *(.wireless_sync_const)
 *(.sbc_eng_code)
 *(.sbc_eng_const)
                0x0606513e                anc_code_begin = .
 *(.anc_user_const)
 *(.anc_user_code)
 *(.anc_const)
 *(.anc_code)
 *(.anc_core_const)
 *(.anc_core_code)
 *(.anc_box_const)
 *(.anc_box_code)
 *(.anc_btspp_const)
 *(.anc_btspp_code)
                0x0606513e                anc_code_end = .
                0x00000000                anc_code_size = (anc_code_end - anc_code_begin)
 *(.audio_codec_code)
 .audio_codec_code
                0x0606513e      0x1ee cpu/br28/tools/sdk.elf.o
 *(.audio_adc_code)
 .audio_adc_code
                0x0606532c      0x990 cpu/br28/tools/sdk.elf.o
 *(.audio_adc_const)
 .audio_adc_const
                0x06065cbc        0xc cpu/br28/tools/sdk.elf.o
 *(.audio_cfifo_code)
 *(.audio_cfifo_const)
 *(.bt_compressor_sparse_const)
 *(.bt_compressor_sparse_code)
 *(.compressor_sparse_code)
 *(.compressor_sparse_const)
 *(.bt_limiter_sparse_const)
 *(.bt_limiter_sparse_code)
 *(.limiter_sparse_code)
 *(.limiter_sparse_const)
 *(.bt_crossOver_sparse_const)
 *(.bt_crossOver_sparse_code)
 *(.crossOver_sparse_code)
 *(.crossOver_sparse_const)
 *(.lib_pitchshift_code)
 *(.lib_pitchshift_const)
                0x06065cc8                . = ALIGN (0x4)
                0x06065cc8                _audio_decoder_begin = .
                0x06065cc8                PROVIDE (audio_decoder_begin, .)
 *(.audio_decoder)
 .audio_decoder
                0x06065cc8      0x1dc cpu/br28/tools/sdk.elf.o
                0x06065cc8                mp3_decoder
                0x06065d0c                pcm_decoder
                0x06065d50                wtgv2_decoder
                0x06065d94                aac_decoder
                0x06065dd8                cvsd_decoder
                0x06065e1c                sbc_decoder
                0x06065e60                msbc_decoder
                0x06065ea4                _audio_decoder_end = .
                0x06065ea4                PROVIDE (audio_decoder_end, .)
                0x06065ea4                _audio_encoder_begin = .
                0x06065ea4                PROVIDE (audio_encoder_begin, .)
 *(.audio_encoder)
 .audio_encoder
                0x06065ea4       0x40 cpu/br28/tools/sdk.elf.o
                0x06065ea4                msbc_encoder
                0x06065ec4                cvsd_encoder
                0x06065ee4                _audio_encoder_end = .
                0x06065ee4                PROVIDE (audio_encoder_end, .)
                0x06065ee4                _audio_package_begin = .
                [!provide]                PROVIDE (audio_package_begin, .)
 *(.audio_package)
                0x06065ee4                _audio_package_end = .
                [!provide]                PROVIDE (audio_package_end, .)
                0x06065ee4                _audio_dev_begin = .
                [!provide]                PROVIDE (audio_dev_begin, .)
 *(.audio_device)
                0x06065ee4                _audio_dev_end = .
                [!provide]                PROVIDE (audio_dev_end, .)
                0x06065ee4                _audio_hwaccel_begin = .
                0x06065ee4                PROVIDE (audio_hwaccel_begin, .)
 *(.audio_hwaccel)
 .audio_hwaccel
                0x06065ee4       0x24 cpu/br28/tools/sdk.elf.o
                0x06065ee4                sbc_hwaccel
                0x06065f08                _audio_hwaccel_end = .
                0x06065f08                PROVIDE (audio_hwaccel_end, .)
                0x06065f08                . = ALIGN (0x4)
                0x06065f08                media_code_begin = .
 *(.media.*.text)
 .media.media_cpu.text
                0x06065f08     0x47a4 cpu/br28/tools/sdk.elf.o
 .media.audio_decoder.text
                0x0606a6ac       0x7a cpu/br28/tools/sdk.elf.o
 .media.mixer.text
                0x0606a726       0x20 cpu/br28/tools/sdk.elf.o
 .media.bluetooth_audio.text
                0x0606a746      0x35c cpu/br28/tools/sdk.elf.o
 .media.audio_encoder.text
                0x0606aaa2       0x2a cpu/br28/tools/sdk.elf.o
                0x0606aacc                . = ALIGN (0x4)
 *(.compressor_code)
 *(.compressor_const)
 *(.bt_compressor_const)
 *(.bt_compressor_code)
 *(.crossOver_code)
 *(.crossOver_const)
 *(.bt_crossOver_const)
 *(.bt_crossOver_code)
 *(.limiter_code)
 *(.limiter_const)
 *(.bt_limiter_const)
 *(.bt_limiter_code)
 *(.lc3_decoder_const)
 *(.lc3_decoder_code)
 *(.lc3_dec_const)
 *(.lc3_dec_code)
 *(.audio_vbass_code)
 *(.audio_vbass_const)
 *(.vbss_code)
 *(.vbss_const)
 *(.vbss_sparse_code)
 *(.vbss_sparse_const)
                0x0606aacc                . = ALIGN (0x4)
 *(.pSOUND360TD_cal_sparse_code)
                0x0606aacc                . = ALIGN (0x4)
 *(.g729_code)
 *(.g729_const)
 *(.cvsd_code)
 .cvsd_code     0x0606aacc      0x34e cpu/br28/tools/sdk.elf.o
 *(.cvsd_const)
 *(.media.audio*)
 *(.media.mixer*)
 *(.media.media*)
 *(.lib_wtg_dec_code)
 *(.lib_wtg_dec_const)
 *(.audio_resample_code)
 .audio_resample_code
                0x0606ae1a       0x8a cpu/br28/tools/sdk.elf.o
 *(.audio_resample_const)
 *(.resample_fastcal_sparse_code)
 *(.resample_fastcal_code)
 *(.resample_fastcal_const)
                0x0606aea4                audio_sync_code_begin = .
 *(.audio_sync_code)
 .audio_sync_code
                0x0606aea4      0x45e cpu/br28/tools/sdk.elf.o
                0x0606b302                audio_sync_code_end = .
                0x0606b304                . = ALIGN (0x4)
 *fill*         0x0606b302        0x2 
                0x0606b304                media_code_end = .
                0x0606b304                . = ALIGN (0x4)
                0x000053fc                media_code_size = (media_code_end - media_code_begin)
                0x0606b304                . = ALIGN (0x4)
                0x0606b304                media_text_end = .
                0x00160000                . = ORIGIN (ram0)

.mmu_tlb        0x00160000     0x5000
 *(.mmu_tlb_segment)
 .mmu_tlb_segment
                0x00160000     0x5000 cpu/br28/tools/sdk.elf.o

.boot_info      0x00165000       0x40
 *(.boot_info)
 .boot_info     0x00165000       0x28 cpu/br28/tools/sdk.elf.o
                0x00165040                . = ALIGN (0x20)
 *fill*         0x00165028       0x18 

.irq_stack      0x00165040     0x2000
                0x00165040                _cpu0_sstack_begin = .
 *(.cpu0_stack)
 .cpu0_stack    0x00165040     0x1000 cpu/br28/liba/cpu.a(startup.S.o)
                0x00166040                _cpu0_stack
                0x00166040                _cpu0_sstack_end = .
                0x00166040                . = ALIGN (0x4)
                0x00166040                _cpu1_sstack_begin = .
 *(.cpu1_stack)
 .cpu1_stack    0x00166040     0x1000 cpu/br28/liba/cpu.a(startup.S.o)
                0x00167040                _cpu1_stack
                0x00167040                _cpu1_sstack_end = .
                0x00167040                . = ALIGN (0x4)

.data           0x00167040      0xc68
                0x00167040                . = ALIGN (0x4)
 *(.data_magic)
 .data_magic    0x00167040       0x40 cpu/br28/tools/sdk.elf.o
                0x00167040                data_magic
                0x00167080                . = ALIGN (0x4)
                0x00167080                . = ALIGN (0x4)
                0x00167080                audio_sync_data_begin = .
 *(.audio_sync_data)
 .audio_sync_data
                0x00167080        0xc cpu/br28/tools/sdk.elf.o
                0x0016708c                audio_sync_data_end = .
                0x0016708c                . = ALIGN (0x4)
 *(.sbc_data)
 .sbc_data      0x0016708c        0x4 cpu/br28/tools/sdk.elf.o
 *(.msbc_data)
 .msbc_data     0x00167090        0x4 cpu/br28/tools/sdk.elf.o
 *(.cvsd_data)
 .cvsd_data     0x00167094       0x14 cpu/br28/tools/sdk.elf.o
 *(.aac_data)
 *(.sbc_eng_data)
 *(.bt_audioplc_data)
 *(.lc3_decoder_data)
 *(.lc3_dec_data)
 *(.wtgv2_data)
 *(.wtgv2dec_data)
 *(.anc_data)
 *(.anc_core_data)
 *(.anc_user_data)
 *(.anc_box_data)
 *(.anc_btspp_data)
 *(.sms_data)
 *(.audio_track_data)
 *(.audio_adc_data)
 .audio_adc_data
                0x001670a8       0x14 cpu/br28/tools/sdk.elf.o
                0x001670bc                . = ALIGN (0x4)
 *(.data*)
 *fill*         0x001670bc        0x4 
 .data          0x001670c0      0x290 cpu/br28/tools/sdk.elf.o
                0x00167350                . = ALIGN (0x4)
                0x00167350                update_data_start = .
                0x00167350                update_data_end = .
                0x00167350                btstack_data_start = .
 *(.bt_stack_data)
 .bt_stack_data
                0x00167350       0xfc cpu/br28/tools/sdk.elf.o
 *(.ble_db_data)
 *(.ble_sm_data)
 *(.ble_att_data)
 *(.ble_gatt_data)
                0x0016744c                BTSTACK_LE_HOST_MESH_DATA_START = .
                0x0016744c                . = ((. + 0x3) & 0xfffffffc)
                0x0016744c                _net_buf_pool_list = .
 *(._net_buf_pool.static.*)
 *(.ble_mesh_data)
 *(.ble_mesh_tinycrypt_data)
                0x00000000                BTSTACK_LE_HOST_MESH_DATA_SIZE = ABSOLUTE ((. - BTSTACK_LE_HOST_MESH_DATA_START))
                0x0016744c                btstack_data_end = .
                0x0016744c                . = ALIGN (0x4)
                0x0016744c                system_data_start = .
                0x0016744c                _video_subdev_begin = .
                [!provide]                PROVIDE (video_subdev_begin, .)
 *(.video_subdev.0)
 *(.video_subdev.1)
 *(.video_subdev.2)
 *(.video_subdev.3)
 *(.video_subdev.4)
 *(.video_subdev.5)
                0x0016744c                _video_subdev_end = .
                [!provide]                PROVIDE (video_subdev_end, .)
                0x0016744c                _audio_subdev_begin = .
                [!provide]                PROVIDE (audio_subdev_begin, .)
 *(.audio_subdev.0)
 *(.audio_subdev.1)
 *(.audio_subdev.2)
 *(.audio_subdev.3)
                0x0016744c                _audio_subdev_end = .
                [!provide]                PROVIDE (audio_subdev_end, .)
                0x0016744c                _iic_device_begin = .
                [!provide]                PROVIDE (iic_device_begin, .)
 *(.iic)
                0x0016744c                _iic_device_end = .
                [!provide]                PROVIDE (iic_device_end, .)
                0x0016744c                _avin_spi_device_begin = .
                [!provide]                PROVIDE (avin_spi_device_begin, .)
 *(.sw_spi)
                0x0016744c                _avin_spi_device_end = .
                [!provide]                PROVIDE (avin_spi_device_end, .)
                0x0016744c                _video_dev_begin = .
                [!provide]                PROVIDE (video_dev_begin, .)
 *(.video_device)
                0x0016744c                _video_dev_end = .
                [!provide]                PROVIDE (video_dev_end, .)
                0x0016744c                _key_driver_ops_begin = .
                [!provide]                PROVIDE (key_driver_ops_begin, .)
 *(.key_driver_ops)
                0x0016744c                _key_driver_ops_end = .
                [!provide]                PROVIDE (key_driver_ops_end, .)
                0x0016744c                _touch_driver_begin = .
                [!provide]                PROVIDE (touch_driver_begin, .)
 *(.touch_driver)
                0x0016744c                _touch_driver_end = .
                [!provide]                PROVIDE (touch_driver_end, .)
                0x0016744c                _static_hi_timer_begin = .
                [!provide]                PROVIDE (static_hi_timer_begin, .)
 *(.hi_timer)
                0x0016744c                _static_hi_timer_end = .
                [!provide]                PROVIDE (static_hi_timer_end, .)
                0x0016744c                _sys_cpu_timer_begin = .
                [!provide]                PROVIDE (sys_cpu_timer_begin, .)
 *(.sys_cpu_timer)
                0x0016744c                _sys_cpu_timer_end = .
                [!provide]                PROVIDE (sys_cpu_timer_end, .)
                0x0016744c                _sys_config_begin = .
                [!provide]                PROVIDE (sys_config_begin, .)
 *(.sys_cfg)
                0x0016744c                _sys_config_end = .
                [!provide]                PROVIDE (sys_config_end, .)
                0x0016744c                _sys_fat_begin = .
                [!provide]                PROVIDE (sys_fat_begin, .)
 *(.fs_fat)
                0x0016744c                _sys_fat_end = .
                [!provide]                PROVIDE (sys_fat_end, .)
                0x0016744c                _app_begin = .
                0x0016744c                PROVIDE (app_begin, .)
 *(.app)
 .app           0x0016744c       0x40 cpu/br28/tools/sdk.elf.o
                0x0016748c                _app_end = .
                0x0016748c                PROVIDE (app_end, .)
 *(.crypto_ecdh_data)
 *(.crypto_data)
 *(.mem_data)
 *(.os_port_data)
 *(.os_str)
 .os_str        0x0016748c      0x202 cpu/br28/tools/sdk.elf.o
 *(.os_data)
 *fill*         0x0016768e        0x2 
 .os_data       0x00167690        0xc cpu/br28/tools/sdk.elf.o
 *(.uECC_data)
 *(.ECDH_sample_data)
                0x0016769c                __movable_slot_start = .
 *(movable.slot.*)
                0x0016769c                __movable_slot_end = .
                0x0016769c                system_data_end = .
                0x0016769c                btctler_data_start = .
                0x0016769c                BTCTLER_CONTROLLER_DATA_START = .
 *(.bt_rf_data)
 .bt_rf_data    0x0016769c      0x2b8 cpu/br28/tools/sdk.elf.o
 *(.vendor_manager_data)
 *(.device_manager_data)
 *(.hci_controller_data)
 .hci_controller_data
                0x00167954       0xbe cpu/br28/tools/sdk.elf.o
 *(.hci_interface_data)
                0x00000376                BTCTLER_CONTROLLER_DATA_SIZE = ABSOLUTE ((. - BTCTLER_CONTROLLER_DATA_START))
                0x00167a12                BTCTLER_LE_CONTROLLER_DATA_START = .
 *(.ble_ll_data)
 *fill*         0x00167a12        0x2 
 .ble_ll_data   0x00167a14       0x10 cpu/br28/tools/sdk.elf.o
 *(.ble_hci_data)
 .ble_hci_data  0x00167a24       0xad cpu/br28/tools/sdk.elf.o
 *(.ble_rf_data)
 *fill*         0x00167ad1        0x3 
 .ble_rf_data   0x00167ad4       0x10 cpu/br28/tools/sdk.elf.o
                0x000000d2                BTCTLER_LE_CONTROLLER_DATA_SIZE = ABSOLUTE ((. - BTCTLER_LE_CONTROLLER_DATA_START))
                0x00167ae4                BTCTLER_CL_DATA_START = .
 *(.classic_hci_data)
 *(.classic_lmp_data)
 .classic_lmp_data
                0x00167ae4       0xdc cpu/br28/tools/sdk.elf.o
 *(.classic_lmp_auth_data)
 *(.classic_lmp_bigint_data)
 *(.classic_lmp_crypt_data)
 *(.classic_lmp_ecdh_data)
 *(.classic_lmp_linkbulk_data)
 *(.classic_lmp_hmac_data)
 *(.classic_rf_data)
 .classic_rf_data
                0x00167bc0       0x40 cpu/br28/tools/sdk.elf.o
 *(.classic_bb_data)
                0x0000011c                BTCTLER_CL_DATA_SIZE = ABSOLUTE ((. - BTCTLER_CL_DATA_START))
                0x00167c00                btctler_data_end = .
                0x00167c00                driver_data_start = .
                0x00167c00                CLOCK_DATA_START = .
 *(.clock_data)
 .clock_data    0x00167c00       0x58 cpu/br28/tools/sdk.elf.o
                0x00000058                CLOCK_DATA_SIZE = ABSOLUTE ((. - CLOCK_DATA_START))
 *(.debug_data)
 *(.uart_data)
 *(.power_driver.data)
 .power_driver.data
                0x00167c58       0x34 cpu/br28/tools/sdk.elf.o
 *(.power_reset.data)
 .power_reset.data
                0x00167c8c        0x8 cpu/br28/tools/sdk.elf.o
 *(.power_wakeup.data)
 .power_wakeup.data
                0x00167c94        0x8 cpu/br28/tools/sdk.elf.o